kernel/module.c:1265:12: warning: 'try_to_force_load' defined but not used [-Wunused-function]
 static int try_to_force_load(struct module *mod, const char *reason)
            ^~~~~~~~~~~~~~~~~
net/sched/Kconfig:44: warning: menuconfig statement without prompt
Removing package swconfig from root...
Downloading file:///home/runner/work/openwrt-rebuilder/openwrt-rebuilder/rebuild/staging_dir/packages/ath79/Packages
Updated list of available packages in /home/runner/work/openwrt-rebuilder/openwrt-rebuilder/rebuild/build_dir/target-mips_24kc_musl/linux-ath79_generic/target-dir-34bf5c68//usr/lib/opkg/lists/default
Downloading file:///home/runner/work/openwrt-rebuilder/openwrt-rebuilder/rebuild/staging_dir/packages/ath79/Packages
Updated list of available packages in /home/runner/work/openwrt-rebuilder/openwrt-rebuilder/rebuild/build_dir/target-mips_24kc_musl/linux-ath79_generic/target-dir-96fb2501//usr/lib/opkg/lists/default
Downloading file:///home/runner/work/openwrt-rebuilder/openwrt-rebuilder/rebuild/staging_dir/packages/ath79/Packages
Updated list of available packages in /home/runner/work/openwrt-rebuilder/openwrt-rebuilder/rebuild/build_dir/target-mips_24kc_musl/linux-ath79_generic/target-dir-06fcc389//usr/lib/opkg/lists/default
Installing fritz-tffs (1) to root...
Installing rssileds (0.2-2) to root...
Configuring rssileds.
Configuring fritz-tffs.
Installing kmod-i2c-core (4.14.195-1) to root...
Downloading file:///home/runner/work/openwrt-rebuilder/openwrt-rebuilder/rebuild/staging_dir/packages/ath79/kmod-i2c-core_4.14.195-1_mips_24kc.ipk
Installing kmod-i2c-gpio (4.14.195-1) to root...
Installing kmod-i2c-algo-bit (4.14.195-1) to root...
Downloading file:///home/runner/work/openwrt-rebuilder/openwrt-rebuilder/rebuild/staging_dir/packages/ath79/kmod-i2c-algo-bit_4.14.195-1_mips_24kc.ipk
Installing kmod-tpm-i2c-atmel (4.14.195-1) to root...
Installing kmod-tpm (4.14.195-1) to root...
Downloading file:///home/runner/work/openwrt-rebuilder/openwrt-rebuilder/rebuild/staging_dir/packages/ath79/kmod-tpm_4.14.195-1_mips_24kc.ipk
Configuring kmod-i2c-core.
Configuring kmod-i2c-algo-bit.
Configuring kmod-i2c-gpio.
Configuring kmod-tpm.
Configuring kmod-tpm-i2c-atmel.
Installing kmod-usb2 (4.14.195-1) to root...
Installing kmod-nls-base (4.14.195-1) to root...
Downloading file:///home/runner/work/openwrt-rebuilder/openwrt-rebuilder/rebuild/staging_dir/packages/ath79/kmod-nls-base_4.14.195-1_mips_24kc.ipk
Installing kmod-usb-core (4.14.195-1) to root...
Downloading file:///home/runner/work/openwrt-rebuilder/openwrt-rebuilder/rebuild/staging_dir/packages/ath79/kmod-usb-core_4.14.195-1_mips_24kc.ipk
Installing kmod-phy-ath79-usb (4.14.195-1) to root...
Downloading file:///home/runner/work/openwrt-rebuilder/openwrt-rebuilder/rebuild/staging_dir/packages/ath79/kmod-phy-ath79-usb_4.14.195-1_mips_24kc.ipk
Installing kmod-usb-ehci (4.14.195-1) to root...
Downloading file:///home/runner/work/openwrt-rebuilder/openwrt-rebuilder/rebuild/staging_dir/packages/ath79/kmod-usb-ehci_4.14.195-1_mips_24kc.ipk
Installing kmod-usb-chipidea2 (4.14.195-1) to root...
Installing kmod-usb-phy-nop (4.14.195-1) to root...
Downloading file:///home/runner/work/openwrt-rebuilder/openwrt-rebuilder/rebuild/staging_dir/packages/ath79/kmod-usb-phy-nop_4.14.195-1_mips_24kc.ipk
Installing kmod-usb-chipidea (4.14.195-1) to root...
Downloading file:///home/runner/work/openwrt-rebuilder/openwrt-rebuilder/rebuild/staging_dir/packages/ath79/kmod-usb-chipidea_4.14.195-1_mips_24kc.ipk
Configuring kmod-nls-base.
Configuring kmod-usb-core.
Configuring kmod-phy-ath79-usb.
Configuring kmod-usb-ehci.
Configuring kmod-usb2.
Configuring kmod-usb-phy-nop.
Configuring kmod-usb-chipidea.
Configuring kmod-usb-chipidea2.
Enabling boot
Enabling cron
Enabling dnsmasq
Enabling done
Enabling dropbear
Enabling firewall
Enabling gpio_switch
Enabling led
Enabling boot
Enabling log
Enabling cron
Enabling network
Enabling boot
Enabling dnsmasq
Enabling odhcpd
Enabling done
Enabling cron
Enabling dropbear
Enabling rpcd
Enabling dnsmasq
Enabling rssileds
Enabling firewall
Enabling done
Enabling sysctl
Enabling sysfixtime
Enabling gpio_switch
Enabling dropbear
Enabling led
Enabling sysntpd
Enabling firewall
Enabling system
Enabling log
Enabling gpio_switch
Enabling led
Enabling ucitrack
Enabling network
Enabling log
Enabling uhttpd
Enabling odhcpd
Enabling umount
Enabling network
Enabling rpcd
Enabling sysctl
Enabling urandom_seed
Enabling odhcpd
Enabling sysfixtime
Enabling urngd
Enabling sysntpd
Enabling rpcd
Enabling sysctl
Enabling sysfixtime
Enabling system
Enabling sysntpd
Enabling ucitrack
Downloading file:///home/runner/work/openwrt-rebuilder/openwrt-rebuilder/rebuild/staging_dir/packages/ath79/Packages
Updated list of available packages in /home/runner/work/openwrt-rebuilder/openwrt-rebuilder/rebuild/build_dir/target-mips_24kc_musl/linux-ath79_generic/target-dir-34394f15//usr/lib/opkg/lists/default
Enabling system
Enabling uhttpd
Enabling ucitrack
Enabling umount
Installing fritz-tffs (1) to root...
Configuring fritz-tffs.
Enabling uhttpd
Enabling urandom_seed
Enabling umount
Enabling urngd
Enabling urandom_seed
Enabling urngd
Downloading file:///home/runner/work/openwrt-rebuilder/openwrt-rebuilder/rebuild/staging_dir/packages/ath79/Packages
Updated list of available packages in /home/runner/work/openwrt-rebuilder/openwrt-rebuilder/rebuild/build_dir/target-mips_24kc_musl/linux-ath79_generic/target-dir-4b1fb842//usr/lib/opkg/lists/default
Installing kmod-usb-core (4.14.195-1) to root...
Downloading file:///home/runner/work/openwrt-rebuilder/openwrt-rebuilder/rebuild/staging_dir/packages/ath79/kmod-usb-core_4.14.195-1_mips_24kc.ipk
Installing kmod-nls-base (4.14.195-1) to root...
Downloading file:///home/runner/work/openwrt-rebuilder/openwrt-rebuilder/rebuild/staging_dir/packages/ath79/kmod-nls-base_4.14.195-1_mips_24kc.ipk
Installing kmod-usb2 (4.14.195-1) to root...
Installing kmod-phy-ath79-usb (4.14.195-1) to root...
Downloading file:///home/runner/work/openwrt-rebuilder/openwrt-rebuilder/rebuild/staging_dir/packages/ath79/kmod-phy-ath79-usb_4.14.195-1_mips_24kc.ipk
Installing kmod-usb-ehci (4.14.195-1) to root...
Downloading file:///home/runner/work/openwrt-rebuilder/openwrt-rebuilder/rebuild/staging_dir/packages/ath79/kmod-usb-ehci_4.14.195-1_mips_24kc.ipk
Installing kmod-usb-ledtrig-usbport (4.14.195-1) to root...
Configuring kmod-nls-base.
Configuring kmod-usb-core.
Configuring kmod-phy-ath79-usb.
Configuring kmod-usb-ehci.
Configuring kmod-usb2.
Configuring kmod-usb-ledtrig-usbport.
Enabling boot
Enabling cron
Enabling dnsmasq
Enabling done
Enabling dropbear
Enabling firewall
Enabling gpio_switch
Enabling led
Enabling boot
Enabling log
Enabling cron
Enabling network
Enabling dnsmasq
Enabling done
Enabling odhcpd
Enabling dropbear
Enabling rpcd
Enabling firewall
Enabling sysctl
Enabling sysfixtime
Enabling gpio_switch
Enabling led
Enabling sysntpd
Enabling boot
Enabling system
Enabling log
Enabling cron
Enabling ucitrack
Enabling network
Enabling dnsmasq
Enabling uhttpd
Enabling odhcpd
Enabling done
Enabling umount
Enabling rpcd
Enabling dropbear
Enabling urandom_seed
Enabling sysctl
Enabling firewall
Enabling sysfixtime
Enabling urngd
Enabling gpio_switch
Enabling sysntpd
Enabling led
Enabling system
Enabling log
Enabling ucitrack
Enabling network
Downloading file:///home/runner/work/openwrt-rebuilder/openwrt-rebuilder/rebuild/staging_dir/packages/ath79/Packages
Updated list of available packages in /home/runner/work/openwrt-rebuilder/openwrt-rebuilder/rebuild/build_dir/target-mips_24kc_musl/linux-ath79_generic/target-dir-8276ade4//usr/lib/opkg/lists/default
Enabling odhcpd
Enabling uhttpd
Enabling rpcd
Enabling umount
Enabling sysctl
Enabling urandom_seed
Enabling sysfixtime
Enabling urngd
Enabling sysntpd
Enabling system
Enabling ucitrack
Enabling uhttpd
Enabling umount
Removing package swconfig from root...
Removing package uboot-envtools from root...
Downloading file:///home/runner/work/openwrt-rebuilder/openwrt-rebuilder/rebuild/staging_dir/packages/ath79/Packages
Updated list of available packages in /home/runner/work/openwrt-rebuilder/openwrt-rebuilder/rebuild/build_dir/target-mips_24kc_musl/linux-ath79_generic/target-dir-c21f9019//usr/lib/opkg/lists/default
Enabling urandom_seed
Installing kmod-usb-core (4.14.195-1) to root...
Downloading file:///home/runner/work/openwrt-rebuilder/openwrt-rebuilder/rebuild/staging_dir/packages/ath79/kmod-usb-core_4.14.195-1_mips_24kc.ipk
Installing kmod-nls-base (4.14.195-1) to root...
Downloading file:///home/runner/work/openwrt-rebuilder/openwrt-rebuilder/rebuild/staging_dir/packages/ath79/kmod-nls-base_4.14.195-1_mips_24kc.ipk
Installing kmod-usb-ohci (4.14.195-1) to root...
Installing kmod-usb2 (4.14.195-1) to root...
Installing kmod-phy-ath79-usb (4.14.195-1) to root...
Downloading file:///home/runner/work/openwrt-rebuilder/openwrt-rebuilder/rebuild/staging_dir/packages/ath79/kmod-phy-ath79-usb_4.14.195-1_mips_24kc.ipk
Installing kmod-usb-ehci (4.14.195-1) to root...
Downloading file:///home/runner/work/openwrt-rebuilder/openwrt-rebuilder/rebuild/staging_dir/packages/ath79/kmod-usb-ehci_4.14.195-1_mips_24kc.ipk
Installing kmod-usb-ledtrig-usbport (4.14.195-1) to root...
Installing kmod-leds-reset (4.14.195-1) to root...
Installing kmod-owl-loader (4.14.195-1) to root...
Configuring kmod-nls-base.
Configuring kmod-usb-core.
Configuring kmod-usb-ohci.
Configuring kmod-phy-ath79-usb.
Configuring kmod-usb-ehci.
Configuring kmod-leds-reset.
Configuring kmod-usb2.
Configuring kmod-owl-loader.
Configuring kmod-usb-ledtrig-usbport.
Enabling urngd
Installing kmod-leds-gpio (4.14.195-1) to root...
Installing rssileds (0.2-2) to root...
Configuring rssileds.
Configuring kmod-leds-gpio.
Removing package uboot-envtools from root...
Downloading file:///home/runner/work/openwrt-rebuilder/openwrt-rebuilder/rebuild/staging_dir/packages/ath79/Packages
Updated list of available packages in /home/runner/work/openwrt-rebuilder/openwrt-rebuilder/rebuild/build_dir/target-mips_24kc_musl/linux-ath79_generic/target-dir-76468f02//usr/lib/opkg/lists/default
Installing kmod-leds-gpio (4.14.195-1) to root...
Installing rssileds (0.2-2) to root...
Configuring rssileds.
Configuring kmod-leds-gpio.
Enabling boot
Enabling boot
Enabling cron
Enabling cron
Enabling dnsmasq
Enabling dnsmasq
Enabling done
Enabling done
Enabling dropbear
Enabling dropbear
Enabling firewall
Enabling firewall
Enabling boot
Enabling gpio_switch
Enabling gpio_switch
Enabling led
Enabling led
Enabling cron
Enabling log
Enabling log
Enabling dnsmasq
Enabling done
Enabling network
Enabling network
Enabling dropbear
Enabling odhcpd
Enabling odhcpd
Enabling firewall
Enabling rpcd
Enabling rpcd
Enabling gpio_switch
Enabling sysctl
Enabling rssileds
Enabling led
Enabling sysfixtime
Enabling sysctl
Enabling sysntpd
Enabling log
Enabling sysfixtime
Enabling system
Enabling network
Enabling sysntpd
Enabling ucitrack
Enabling odhcpd
Enabling system
Enabling rpcd
Enabling uhttpd
Enabling ucitrack
Enabling rssileds
Enabling umount
Enabling sysctl
Enabling uhttpd
Enabling urandom_seed
Enabling umount
Enabling sysfixtime
Enabling urngd
Enabling urandom_seed
Enabling sysntpd
Enabling urngd
Enabling system
Enabling ucitrack
Enabling uhttpd
Removing package swconfig from root...
Removing package uboot-envtools from root...
Downloading file:///home/runner/work/openwrt-rebuilder/openwrt-rebuilder/rebuild/staging_dir/packages/ath79/Packages
Updated list of available packages in /home/runner/work/openwrt-rebuilder/openwrt-rebuilder/rebuild/build_dir/target-mips_24kc_musl/linux-ath79_generic/target-dir-f642dd70//usr/lib/opkg/lists/default
Enabling umount
Downloading file:///home/runner/work/openwrt-rebuilder/openwrt-rebuilder/rebuild/staging_dir/packages/ath79/Packages
Updated list of available packages in /home/runner/work/openwrt-rebuilder/openwrt-rebuilder/rebuild/build_dir/target-mips_24kc_musl/linux-ath79_generic/target-dir-0f3ad530//usr/lib/opkg/lists/default
Enabling urandom_seed
Enabling urngd
Installing kmod-ath10k-ct (4.14.195+2019-09-09-5e8cd86f-1) to root...
Installing kmod-hwmon-core (4.14.195-1) to root...
Downloading file:///home/runner/work/openwrt-rebuilder/openwrt-rebuilder/rebuild/staging_dir/packages/ath79/kmod-hwmon-core_4.14.195-1_mips_24kc.ipk
Installing ath10k-firmware-qca988x-ct (2020-07-02-1) to root...
Configuring kmod-hwmon-core.
Configuring ath10k-firmware-qca988x-ct.
Configuring kmod-ath10k-ct.
Downloading file:///home/runner/work/openwrt-rebuilder/openwrt-rebuilder/rebuild/staging_dir/packages/ath79/Packages
Updated list of available packages in /home/runner/work/openwrt-rebuilder/openwrt-rebuilder/rebuild/build_dir/target-mips_24kc_musl/linux-ath79_generic/target-dir-60997597//usr/lib/opkg/lists/default
Installing kmod-leds-gpio (4.14.195-1) to root...
Installing kmod-usb-core (4.14.195-1) to root...
Downloading file:///home/runner/work/openwrt-rebuilder/openwrt-rebuilder/rebuild/staging_dir/packages/ath79/kmod-usb-core_4.14.195-1_mips_24kc.ipk
Installing kmod-nls-base (4.14.195-1) to root...
Downloading file:///home/runner/work/openwrt-rebuilder/openwrt-rebuilder/rebuild/staging_dir/packages/ath79/kmod-nls-base_4.14.195-1_mips_24kc.ipk
Installing kmod-usb2 (4.14.195-1) to root...
Installing kmod-phy-ath79-usb (4.14.195-1) to root...
Downloading file:///home/runner/work/openwrt-rebuilder/openwrt-rebuilder/rebuild/staging_dir/packages/ath79/kmod-phy-ath79-usb_4.14.195-1_mips_24kc.ipk
Installing kmod-usb-ehci (4.14.195-1) to root...
Downloading file:///home/runner/work/openwrt-rebuilder/openwrt-rebuilder/rebuild/staging_dir/packages/ath79/kmod-usb-ehci_4.14.195-1_mips_24kc.ipk
Installing kmod-usb-net (4.14.195-1) to root...
Downloading file:///home/runner/work/openwrt-rebuilder/openwrt-rebuilder/rebuild/staging_dir/packages/ath79/kmod-usb-net_4.14.195-1_mips_24kc.ipk
Installing kmod-mii (4.14.195-1) to root...
Downloading file:///home/runner/work/openwrt-rebuilder/openwrt-rebuilder/rebuild/staging_dir/packages/ath79/kmod-mii_4.14.195-1_mips_24kc.ipk
Installing kmod-usb-net-qmi-wwan (4.14.195-1) to root...
Installing kmod-usb-wdm (4.14.195-1) to root...
Downloading file:///home/runner/work/openwrt-rebuilder/openwrt-rebuilder/rebuild/staging_dir/packages/ath79/kmod-usb-wdm_4.14.195-1_mips_24kc.ipk
Installing rssileds (0.2-2) to root...
Configuring kmod-nls-base.
Configuring kmod-usb-core.
Configuring kmod-mii.
Configuring kmod-usb-net.
Configuring kmod-usb-wdm.
Configuring kmod-usb-net-qmi-wwan.
Configuring kmod-phy-ath79-usb.
Configuring kmod-usb-ehci.
Configuring kmod-usb2.
Configuring rssileds.
Configuring kmod-leds-gpio.
Installing kmod-ath10k-ct (4.14.195+2019-09-09-5e8cd86f-1) to root...
Installing kmod-hwmon-core (4.14.195-1) to root...
Downloading file:///home/runner/work/openwrt-rebuilder/openwrt-rebuilder/rebuild/staging_dir/packages/ath79/kmod-hwmon-core_4.14.195-1_mips_24kc.ipk
Installing kmod-usb2 (4.14.195-1) to root...
Installing kmod-nls-base (4.14.195-1) to root...
Downloading file:///home/runner/work/openwrt-rebuilder/openwrt-rebuilder/rebuild/staging_dir/packages/ath79/kmod-nls-base_4.14.195-1_mips_24kc.ipk
Installing kmod-usb-core (4.14.195-1) to root...
Downloading file:///home/runner/work/openwrt-rebuilder/openwrt-rebuilder/rebuild/staging_dir/packages/ath79/kmod-usb-core_4.14.195-1_mips_24kc.ipk
Installing kmod-phy-ath79-usb (4.14.195-1) to root...
Downloading file:///home/runner/work/openwrt-rebuilder/openwrt-rebuilder/rebuild/staging_dir/packages/ath79/kmod-phy-ath79-usb_4.14.195-1_mips_24kc.ipk
Installing kmod-usb-ehci (4.14.195-1) to root...
Downloading file:///home/runner/work/openwrt-rebuilder/openwrt-rebuilder/rebuild/staging_dir/packages/ath79/kmod-usb-ehci_4.14.195-1_mips_24kc.ipk
Installing ath10k-firmware-qca988x-ct (2020-07-02-1) to root...
Configuring kmod-nls-base.
Configuring kmod-usb-core.
Configuring kmod-phy-ath79-usb.
Configuring kmod-usb-ehci.
Configuring kmod-usb2.
Configuring kmod-hwmon-core.
Configuring ath10k-firmware-qca988x-ct.
Configuring kmod-ath10k-ct.
Enabling boot
Enabling cron
Enabling dnsmasq
Enabling done
Enabling dropbear
Enabling firewall
Enabling boot
Enabling gpio_switch
Enabling led
Enabling cron
Enabling dnsmasq
Enabling log
Enabling done
Enabling network
Enabling dropbear
Enabling odhcpd
Enabling firewall
Enabling rpcd
Enabling gpio_switch
Enabling sysctl
Enabling led
Enabling sysfixtime
Enabling log
Enabling sysntpd
Enabling boot
Enabling network
Enabling system
Enabling odhcpd
Enabling cron
Enabling ucitrack
Enabling rpcd
Enabling uhttpd
Enabling dnsmasq
Enabling rssileds
Enabling done
Enabling umount
Enabling sysctl
Enabling dropbear
Enabling urandom_seed
Enabling sysfixtime
Enabling firewall
Enabling urngd
Enabling sysntpd
Enabling gpio_switch
Enabling system
Enabling led
Enabling ucitrack
Enabling log
Enabling uhttpd
Downloading file:///home/runner/work/openwrt-rebuilder/openwrt-rebuilder/rebuild/staging_dir/packages/ath79/Packages
Updated list of available packages in /home/runner/work/openwrt-rebuilder/openwrt-rebuilder/rebuild/build_dir/target-mips_24kc_musl/linux-ath79_generic/target-dir-0ae401c2//usr/lib/opkg/lists/default
Enabling umount
Enabling network
Enabling odhcpd
Enabling urandom_seed
Enabling rpcd
Enabling urngd
Enabling sysctl
Enabling sysfixtime
Enabling sysntpd
Enabling system
Enabling ucitrack
Downloading file:///home/runner/work/openwrt-rebuilder/openwrt-rebuilder/rebuild/staging_dir/packages/ath79/Packages
Updated list of available packages in /home/runner/work/openwrt-rebuilder/openwrt-rebuilder/rebuild/build_dir/target-mips_24kc_musl/linux-ath79_generic/target-dir-4986b3da//usr/lib/opkg/lists/default
Installing kmod-usb-core (4.14.195-1) to root...
Downloading file:///home/runner/work/openwrt-rebuilder/openwrt-rebuilder/rebuild/staging_dir/packages/ath79/kmod-usb-core_4.14.195-1_mips_24kc.ipk
Installing kmod-nls-base (4.14.195-1) to root...
Downloading file:///home/runner/work/openwrt-rebuilder/openwrt-rebuilder/rebuild/staging_dir/packages/ath79/kmod-nls-base_4.14.195-1_mips_24kc.ipk
Installing kmod-usb2 (4.14.195-1) to root...
Installing kmod-phy-ath79-usb (4.14.195-1) to root...
Downloading file:///home/runner/work/openwrt-rebuilder/openwrt-rebuilder/rebuild/staging_dir/packages/ath79/kmod-phy-ath79-usb_4.14.195-1_mips_24kc.ipk
Installing kmod-usb-ehci (4.14.195-1) to root...
Downloading file:///home/runner/work/openwrt-rebuilder/openwrt-rebuilder/rebuild/staging_dir/packages/ath79/kmod-usb-ehci_4.14.195-1_mips_24kc.ipk
Installing kmod-usb-ledtrig-usbport (4.14.195-1) to root...
Installing kmod-leds-reset (4.14.195-1) to root...
Installing kmod-owl-loader (4.14.195-1) to root...
Configuring kmod-nls-base.
Configuring kmod-usb-core.
Configuring kmod-phy-ath79-usb.
Configuring kmod-usb-ehci.
Configuring kmod-leds-reset.
Configuring kmod-usb2.
Configuring kmod-owl-loader.
Configuring kmod-usb-ledtrig-usbport.
Enabling uhttpd
Enabling umount
Enabling urandom_seed
Enabling urngd
Downloading file:///home/runner/work/openwrt-rebuilder/openwrt-rebuilder/rebuild/staging_dir/packages/ath79/Packages
Updated list of available packages in /home/runner/work/openwrt-rebuilder/openwrt-rebuilder/rebuild/build_dir/target-mips_24kc_musl/linux-ath79_generic/target-dir-88138c3d//usr/lib/opkg/lists/default
Installing kmod-usb-core (4.14.195-1) to root...
Downloading file:///home/runner/work/openwrt-rebuilder/openwrt-rebuilder/rebuild/staging_dir/packages/ath79/kmod-usb-core_4.14.195-1_mips_24kc.ipk
Installing kmod-nls-base (4.14.195-1) to root...
Downloading file:///home/runner/work/openwrt-rebuilder/openwrt-rebuilder/rebuild/staging_dir/packages/ath79/kmod-nls-base_4.14.195-1_mips_24kc.ipk
Installing kmod-usb2 (4.14.195-1) to root...
Installing kmod-phy-ath79-usb (4.14.195-1) to root...
Downloading file:///home/runner/work/openwrt-rebuilder/openwrt-rebuilder/rebuild/staging_dir/packages/ath79/kmod-phy-ath79-usb_4.14.195-1_mips_24kc.ipk
Installing kmod-usb-ehci (4.14.195-1) to root...
Downloading file:///home/runner/work/openwrt-rebuilder/openwrt-rebuilder/rebuild/staging_dir/packages/ath79/kmod-usb-ehci_4.14.195-1_mips_24kc.ipk
Installing kmod-leds-reset (4.14.195-1) to root...
Installing kmod-owl-loader (4.14.195-1) to root...
Configuring kmod-nls-base.
Configuring kmod-usb-core.
Configuring kmod-phy-ath79-usb.
Configuring kmod-usb-ehci.
Configuring kmod-leds-reset.
Configuring kmod-usb2.
Configuring kmod-owl-loader.
Installing kmod-usb-core (4.14.195-1) to root...
Downloading file:///home/runner/work/openwrt-rebuilder/openwrt-rebuilder/rebuild/staging_dir/packages/ath79/kmod-usb-core_4.14.195-1_mips_24kc.ipk
Installing kmod-nls-base (4.14.195-1) to root...
Downloading file:///home/runner/work/openwrt-rebuilder/openwrt-rebuilder/rebuild/staging_dir/packages/ath79/kmod-nls-base_4.14.195-1_mips_24kc.ipk
Installing kmod-usb2 (4.14.195-1) to root...
Installing kmod-phy-ath79-usb (4.14.195-1) to root...
Downloading file:///home/runner/work/openwrt-rebuilder/openwrt-rebuilder/rebuild/staging_dir/packages/ath79/kmod-phy-ath79-usb_4.14.195-1_mips_24kc.ipk
Installing kmod-usb-ehci (4.14.195-1) to root...
Downloading file:///home/runner/work/openwrt-rebuilder/openwrt-rebuilder/rebuild/staging_dir/packages/ath79/kmod-usb-ehci_4.14.195-1_mips_24kc.ipk
Installing kmod-ath10k-ct-smallbuffers (4.14.195+2019-09-09-5e8cd86f-1) to root...
Installing kmod-hwmon-core (4.14.195-1) to root...
Downloading file:///home/runner/work/openwrt-rebuilder/openwrt-rebuilder/rebuild/staging_dir/packages/ath79/kmod-hwmon-core_4.14.195-1_mips_24kc.ipk
Installing ath10k-firmware-qca988x-ct (2020-07-02-1) to root...
Configuring kmod-nls-base.
Configuring kmod-usb-core.
Configuring kmod-phy-ath79-usb.
Configuring kmod-usb-ehci.
Configuring kmod-usb2.
Configuring kmod-hwmon-core.
Configuring kmod-ath10k-ct-smallbuffers.
Configuring ath10k-firmware-qca988x-ct.
Enabling boot
Enabling cron
Enabling dnsmasq
Enabling done
Enabling dropbear
Enabling boot
Enabling firewall
Enabling cron
Enabling dnsmasq
Enabling gpio_switch
Enabling done
Enabling led
Enabling dropbear
Enabling log
Enabling firewall
Enabling network
Enabling gpio_switch
Enabling odhcpd
Enabling led
Enabling rpcd
Enabling log
Enabling sysctl
Enabling sysfixtime
Enabling network
Enabling sysntpd
Enabling odhcpd
Enabling system
Enabling boot
Enabling rpcd
Enabling sysctl
Enabling ucitrack
Enabling cron
Enabling sysfixtime
Enabling uhttpd
Enabling dnsmasq
Enabling sysntpd
Enabling umount
Enabling done
Enabling system
Enabling urandom_seed
Enabling dropbear
Enabling ucitrack
Enabling firewall
Enabling urngd
Enabling uhttpd
Enabling gpio_switch
Enabling umount
Enabling led
Enabling urandom_seed
Enabling urngd
Enabling log
Downloading file:///home/runner/work/openwrt-rebuilder/openwrt-rebuilder/rebuild/staging_dir/packages/ath79/Packages
Updated list of available packages in /home/runner/work/openwrt-rebuilder/openwrt-rebuilder/rebuild/build_dir/target-mips_24kc_musl/linux-ath79_generic/target-dir-6d8a9bd7//usr/lib/opkg/lists/default
Enabling network
Enabling odhcpd
Enabling rpcd
Downloading file:///home/runner/work/openwrt-rebuilder/openwrt-rebuilder/rebuild/staging_dir/packages/ath79/Packages
Updated list of available packages in /home/runner/work/openwrt-rebuilder/openwrt-rebuilder/rebuild/build_dir/target-mips_24kc_musl/linux-ath79_generic/target-dir-921b33cd//usr/lib/opkg/lists/default
Enabling sysctl
Enabling sysfixtime
Enabling sysntpd
Enabling system
Enabling ucitrack
Installing kmod-usb-chipidea2 (4.14.195-1) to root...
Installing kmod-nls-base (4.14.195-1) to root...
Downloading file:///home/runner/work/openwrt-rebuilder/openwrt-rebuilder/rebuild/staging_dir/packages/ath79/kmod-nls-base_4.14.195-1_mips_24kc.ipk
Installing kmod-usb-core (4.14.195-1) to root...
Downloading file:///home/runner/work/openwrt-rebuilder/openwrt-rebuilder/rebuild/staging_dir/packages/ath79/kmod-usb-core_4.14.195-1_mips_24kc.ipk
Installing kmod-usb-ehci (4.14.195-1) to root...
Downloading file:///home/runner/work/openwrt-rebuilder/openwrt-rebuilder/rebuild/staging_dir/packages/ath79/kmod-usb-ehci_4.14.195-1_mips_24kc.ipk
Installing kmod-usb-phy-nop (4.14.195-1) to root...
Downloading file:///home/runner/work/openwrt-rebuilder/openwrt-rebuilder/rebuild/staging_dir/packages/ath79/kmod-usb-phy-nop_4.14.195-1_mips_24kc.ipk
Installing kmod-usb-chipidea (4.14.195-1) to root...
Downloading file:///home/runner/work/openwrt-rebuilder/openwrt-rebuilder/rebuild/staging_dir/packages/ath79/kmod-usb-chipidea_4.14.195-1_mips_24kc.ipk
Configuring kmod-nls-base.
Configuring kmod-usb-core.
Configuring kmod-usb-ehci.
Configuring kmod-usb-phy-nop.
Configuring kmod-usb-chipidea.
Configuring kmod-usb-chipidea2.
Enabling uhttpd
Installing kmod-ath10k-ct (4.14.195+2019-09-09-5e8cd86f-1) to root...
Installing kmod-hwmon-core (4.14.195-1) to root...
Downloading file:///home/runner/work/openwrt-rebuilder/openwrt-rebuilder/rebuild/staging_dir/packages/ath79/kmod-hwmon-core_4.14.195-1_mips_24kc.ipk
Installing ath10k-firmware-qca9887-ct (2020-07-02-1) to root...
Configuring ath10k-firmware-qca9887-ct.
Configuring kmod-hwmon-core.
Configuring kmod-ath10k-ct.
Enabling umount
Enabling urandom_seed
Enabling urngd
Downloading file:///home/runner/work/openwrt-rebuilder/openwrt-rebuilder/rebuild/staging_dir/packages/ath79/Packages
Updated list of available packages in /home/runner/work/openwrt-rebuilder/openwrt-rebuilder/rebuild/build_dir/target-mips_24kc_musl/linux-ath79_generic/target-dir-69111278//usr/lib/opkg/lists/default
Installing kmod-usb-chipidea2 (4.14.195-1) to root...
Installing kmod-nls-base (4.14.195-1) to root...
Downloading file:///home/runner/work/openwrt-rebuilder/openwrt-rebuilder/rebuild/staging_dir/packages/ath79/kmod-nls-base_4.14.195-1_mips_24kc.ipk
Installing kmod-usb-core (4.14.195-1) to root...
Downloading file:///home/runner/work/openwrt-rebuilder/openwrt-rebuilder/rebuild/staging_dir/packages/ath79/kmod-usb-core_4.14.195-1_mips_24kc.ipk
Installing kmod-usb-ehci (4.14.195-1) to root...
Downloading file:///home/runner/work/openwrt-rebuilder/openwrt-rebuilder/rebuild/staging_dir/packages/ath79/kmod-usb-ehci_4.14.195-1_mips_24kc.ipk
Installing kmod-usb-phy-nop (4.14.195-1) to root...
Downloading file:///home/runner/work/openwrt-rebuilder/openwrt-rebuilder/rebuild/staging_dir/packages/ath79/kmod-usb-phy-nop_4.14.195-1_mips_24kc.ipk
Installing kmod-usb-chipidea (4.14.195-1) to root...
Downloading file:///home/runner/work/openwrt-rebuilder/openwrt-rebuilder/rebuild/staging_dir/packages/ath79/kmod-usb-chipidea_4.14.195-1_mips_24kc.ipk
Installing kmod-ledtrig-oneshot (4.14.195-1) to root...
Installing kmod-usb-serial (4.14.195-1) to root...
Downloading file:///home/runner/work/openwrt-rebuilder/openwrt-rebuilder/rebuild/staging_dir/packages/ath79/kmod-usb-serial_4.14.195-1_mips_24kc.ipk
Installing kmod-usb-serial-ftdi (4.14.195-1) to root...
Installing kmod-usb-storage (4.14.195-1) to root...
Installing kmod-scsi-core (4.14.195-1) to root...
Downloading file:///home/runner/work/openwrt-rebuilder/openwrt-rebuilder/rebuild/staging_dir/packages/ath79/kmod-scsi-core_4.14.195-1_mips_24kc.ipk
Installing kmod-fs-ext4 (4.14.195-1) to root...
Installing kmod-lib-crc16 (4.14.195-1) to root...
Downloading file:///home/runner/work/openwrt-rebuilder/openwrt-rebuilder/rebuild/staging_dir/packages/ath79/kmod-lib-crc16_4.14.195-1_mips_24kc.ipk
Installing kmod-crypto-hash (4.14.195-1) to root...
Downloading file:///home/runner/work/openwrt-rebuilder/openwrt-rebuilder/rebuild/staging_dir/packages/ath79/kmod-crypto-hash_4.14.195-1_mips_24kc.ipk
Installing kmod-crypto-crc32c (4.14.195-1) to root...
Downloading file:///home/runner/work/openwrt-rebuilder/openwrt-rebuilder/rebuild/staging_dir/packages/ath79/kmod-crypto-crc32c_4.14.195-1_mips_24kc.ipk
Configuring kmod-scsi-core.
Configuring kmod-nls-base.
Configuring kmod-usb-core.
Configuring kmod-usb-storage.
Configuring kmod-ledtrig-oneshot.
Configuring kmod-crypto-hash.
Configuring kmod-lib-crc16.
Configuring kmod-crypto-crc32c.
Configuring kmod-usb-ehci.
Configuring kmod-usb-phy-nop.
Configuring kmod-usb-chipidea.
Configuring kmod-usb-chipidea2.
Configuring kmod-fs-ext4.
Configuring kmod-usb-serial.
Configuring kmod-usb-serial-ftdi.
Enabling boot
Enabling cron
Enabling dnsmasq
Enabling done
Enabling dropbear
Enabling boot
Enabling firewall
Enabling cron
Enabling gpio_switch
Enabling dnsmasq
Enabling led
Enabling done
Enabling log
Enabling dropbear
Enabling network
Enabling firewall
Enabling odhcpd
Enabling gpio_switch
Enabling led
Enabling rpcd
Enabling sysctl
Enabling log
Enabling sysfixtime
Enabling network
Enabling sysntpd
Enabling odhcpd
Enabling system
Enabling rpcd
Enabling ucitrack
Enabling sysctl
Enabling sysfixtime
Enabling uhttpd
Enabling umount
Enabling sysntpd
Enabling urandom_seed
Enabling system
Enabling urngd
Enabling ucitrack
Enabling uhttpd
Enabling umount
Downloading file:///home/runner/work/openwrt-rebuilder/openwrt-rebuilder/rebuild/staging_dir/packages/ath79/Packages
Updated list of available packages in /home/runner/work/openwrt-rebuilder/openwrt-rebuilder/rebuild/build_dir/target-mips_24kc_musl/linux-ath79_generic/target-dir-1b4d13c3//usr/lib/opkg/lists/default
Enabling urandom_seed
Enabling urngd
Installing kmod-usb-core (4.14.195-1) to root...
Downloading file:///home/runner/work/openwrt-rebuilder/openwrt-rebuilder/rebuild/staging_dir/packages/ath79/kmod-usb-core_4.14.195-1_mips_24kc.ipk
Installing kmod-nls-base (4.14.195-1) to root...
Downloading file:///home/runner/work/openwrt-rebuilder/openwrt-rebuilder/rebuild/staging_dir/packages/ath79/kmod-nls-base_4.14.195-1_mips_24kc.ipk
Installing kmod-usb2 (4.14.195-1) to root...
Installing kmod-phy-ath79-usb (4.14.195-1) to root...
Downloading file:///home/runner/work/openwrt-rebuilder/openwrt-rebuilder/rebuild/staging_dir/packages/ath79/kmod-phy-ath79-usb_4.14.195-1_mips_24kc.ipk
Installing kmod-usb-ehci (4.14.195-1) to root...
Downloading file:///home/runner/work/openwrt-rebuilder/openwrt-rebuilder/rebuild/staging_dir/packages/ath79/kmod-usb-ehci_4.14.195-1_mips_24kc.ipk
Configuring kmod-nls-base.
Configuring kmod-usb-core.
Configuring kmod-phy-ath79-usb.
Configuring kmod-usb-ehci.
Configuring kmod-usb2.
Downloading file:///home/runner/work/openwrt-rebuilder/openwrt-rebuilder/rebuild/staging_dir/packages/ath79/Packages
Updated list of available packages in /home/runner/work/openwrt-rebuilder/openwrt-rebuilder/rebuild/build_dir/target-mips_24kc_musl/linux-ath79_generic/target-dir-4f03429b//usr/lib/opkg/lists/default
Enabling boot
Enabling cron
Enabling dnsmasq
Enabling done
Enabling dropbear
Enabling firewall
Enabling gpio_switch
Enabling led
Enabling log
Enabling network
Enabling odhcpd
Enabling rpcd
Enabling sysctl
Enabling sysfixtime
Enabling sysntpd
Enabling system
Enabling ucitrack
Enabling uhttpd
Enabling umount
Enabling urandom_seed
Enabling urngd
Installing kmod-usb-core (4.14.195-1) to root...
Downloading file:///home/runner/work/openwrt-rebuilder/openwrt-rebuilder/rebuild/staging_dir/packages/ath79/kmod-usb-core_4.14.195-1_mips_24kc.ipk
Installing kmod-nls-base (4.14.195-1) to root...
Downloading file:///home/runner/work/openwrt-rebuilder/openwrt-rebuilder/rebuild/staging_dir/packages/ath79/kmod-nls-base_4.14.195-1_mips_24kc.ipk
Installing kmod-usb2 (4.14.195-1) to root...
Installing kmod-phy-ath79-usb (4.14.195-1) to root...
Downloading file:///home/runner/work/openwrt-rebuilder/openwrt-rebuilder/rebuild/staging_dir/packages/ath79/kmod-phy-ath79-usb_4.14.195-1_mips_24kc.ipk
Installing kmod-usb-ehci (4.14.195-1) to root...
Downloading file:///home/runner/work/openwrt-rebuilder/openwrt-rebuilder/rebuild/staging_dir/packages/ath79/kmod-usb-ehci_4.14.195-1_mips_24kc.ipk
Installing kmod-ath10k-ct (4.14.195+2019-09-09-5e8cd86f-1) to root...
Installing kmod-hwmon-core (4.14.195-1) to root...
Downloading file:///home/runner/work/openwrt-rebuilder/openwrt-rebuilder/rebuild/staging_dir/packages/ath79/kmod-hwmon-core_4.14.195-1_mips_24kc.ipk
Installing ath10k-firmware-qca9887-ct (2020-07-02-1) to root...
Configuring kmod-nls-base.
Configuring kmod-usb-core.
Configuring kmod-phy-ath79-usb.
Configuring kmod-usb-ehci.
Configuring ath10k-firmware-qca9887-ct.
Configuring kmod-usb2.
Configuring kmod-hwmon-core.
Configuring kmod-ath10k-ct.
Removing package iwinfo from root...
Removing package kmod-ath9k from root...
Removing package wpad-basic from root...
Enabling boot
Enabling cron
Enabling dnsmasq
Enabling done
Enabling dropbear
Enabling firewall
Enabling gpio_switch
Enabling led
Enabling log
Enabling network
Enabling odhcpd
Enabling rpcd
Enabling boot
Enabling sysctl
Enabling sysfixtime
Enabling cron
Enabling sysntpd
Enabling dnsmasq
Enabling system
Enabling done
Enabling ucitrack
Enabling dropbear
Enabling uhttpd
Enabling firewall
Enabling umount
Enabling boot
Enabling gpio_switch
Enabling led
Enabling urandom_seed
Enabling cron
Enabling log
Enabling urngd
Enabling dnsmasq
Enabling network
Enabling done
Enabling dropbear
Enabling odhcpd
Enabling firewall
Enabling rpcd
Downloading file:///home/runner/work/openwrt-rebuilder/openwrt-rebuilder/rebuild/staging_dir/packages/ath79/Packages
Updated list of available packages in /home/runner/work/openwrt-rebuilder/openwrt-rebuilder/rebuild/build_dir/target-mips_24kc_musl/linux-ath79_generic/target-dir-b1b0a421//usr/lib/opkg/lists/default
Enabling sysctl
Enabling gpio_switch
Enabling led
Enabling sysfixtime
Enabling log
Enabling sysntpd
Enabling network
Enabling system
Enabling ucitrack
Enabling odhcpd
Enabling uhttpd
Enabling rpcd
Enabling umount
Enabling sysctl
Enabling sysfixtime
Enabling urandom_seed
Enabling sysntpd
Enabling urngd
Enabling system
Enabling ucitrack
Installing kmod-ath10k-ct (4.14.195+2019-09-09-5e8cd86f-1) to root...
Installing kmod-hwmon-core (4.14.195-1) to root...
Downloading file:///home/runner/work/openwrt-rebuilder/openwrt-rebuilder/rebuild/staging_dir/packages/ath79/kmod-hwmon-core_4.14.195-1_mips_24kc.ipk
Installing kmod-usb-core (4.14.195-1) to root...
Downloading file:///home/runner/work/openwrt-rebuilder/openwrt-rebuilder/rebuild/staging_dir/packages/ath79/kmod-usb-core_4.14.195-1_mips_24kc.ipk
Installing kmod-nls-base (4.14.195-1) to root...
Downloading file:///home/runner/work/openwrt-rebuilder/openwrt-rebuilder/rebuild/staging_dir/packages/ath79/kmod-nls-base_4.14.195-1_mips_24kc.ipk
Installing kmod-usb2 (4.14.195-1) to root...
Installing kmod-phy-ath79-usb (4.14.195-1) to root...
Downloading file:///home/runner/work/openwrt-rebuilder/openwrt-rebuilder/rebuild/staging_dir/packages/ath79/kmod-phy-ath79-usb_4.14.195-1_mips_24kc.ipk
Installing kmod-usb-ehci (4.14.195-1) to root...
Downloading file:///home/runner/work/openwrt-rebuilder/openwrt-rebuilder/rebuild/staging_dir/packages/ath79/kmod-usb-ehci_4.14.195-1_mips_24kc.ipk
Installing ath10k-firmware-qca988x-ct (2020-07-02-1) to root...
Configuring kmod-nls-base.
Configuring kmod-usb-core.
Configuring kmod-phy-ath79-usb.
Configuring kmod-usb-ehci.
Configuring kmod-usb2.
Configuring kmod-hwmon-core.
Configuring ath10k-firmware-qca988x-ct.
Configuring kmod-ath10k-ct.
Enabling uhttpd
Enabling umount
Enabling urandom_seed
Removing package kmod-ath9k from root...
Removing package swconfig from root...
Removing package uboot-envtools from root...
Downloading file:///home/runner/work/openwrt-rebuilder/openwrt-rebuilder/rebuild/staging_dir/packages/ath79/Packages
Updated list of available packages in /home/runner/work/openwrt-rebuilder/openwrt-rebuilder/rebuild/build_dir/target-mips_24kc_musl/linux-ath79_generic/target-dir-6bb601a3//usr/lib/opkg/lists/default
Enabling urngd
Installing fconfig (20080329-1) to root...
Configuring fconfig.
Downloading file:///home/runner/work/openwrt-rebuilder/openwrt-rebuilder/rebuild/staging_dir/packages/ath79/Packages
Updated list of available packages in /home/runner/work/openwrt-rebuilder/openwrt-rebuilder/rebuild/build_dir/target-mips_24kc_musl/linux-ath79_generic/target-dir-9d9dc1c6//usr/lib/opkg/lists/default
Installing kmod-ath10k-ct (4.14.195+2019-09-09-5e8cd86f-1) to root...
Installing kmod-hwmon-core (4.14.195-1) to root...
Downloading file:///home/runner/work/openwrt-rebuilder/openwrt-rebuilder/rebuild/staging_dir/packages/ath79/kmod-hwmon-core_4.14.195-1_mips_24kc.ipk
Installing ath10k-firmware-qca9888-ct (2020-07-02-1) to root...
Configuring ath10k-firmware-qca9888-ct.
Configuring kmod-hwmon-core.
Configuring kmod-ath10k-ct.
Enabling boot
Enabling cron
Enabling dnsmasq
Enabling done
Enabling boot
Enabling dropbear
Enabling cron
Enabling firewall
Enabling dnsmasq
Enabling gpio_switch
Enabling done
Enabling led
Enabling dropbear
Enabling log
Enabling firewall
Enabling network
Enabling gpio_switch
Enabling odhcpd
Enabling led
Enabling rpcd
Enabling boot
Enabling log
Enabling sysctl
Enabling cron
Enabling sysfixtime
Enabling network
Enabling sysntpd
Enabling dnsmasq
Enabling odhcpd
Enabling done
Enabling system
Enabling rpcd
Enabling ucitrack
Enabling dropbear
Enabling sysctl
Enabling firewall
Enabling uhttpd
Enabling sysfixtime
Enabling umount
Enabling gpio_switch
Enabling sysntpd
Enabling urandom_seed
Enabling led
Enabling system
Enabling urngd
Enabling log
Enabling ucitrack
Enabling network
Enabling uhttpd
Enabling odhcpd
Enabling umount
Enabling urandom_seed
Downloading file:///home/runner/work/openwrt-rebuilder/openwrt-rebuilder/rebuild/staging_dir/packages/ath79/Packages
Updated list of available packages in /home/runner/work/openwrt-rebuilder/openwrt-rebuilder/rebuild/build_dir/target-mips_24kc_musl/linux-ath79_generic/target-dir-1531aa6e//usr/lib/opkg/lists/default
Enabling rpcd
Enabling urngd
Enabling sysctl
Enabling sysfixtime
Enabling sysntpd
Enabling system
Downloading file:///home/runner/work/openwrt-rebuilder/openwrt-rebuilder/rebuild/staging_dir/packages/ath79/Packages
Updated list of available packages in /home/runner/work/openwrt-rebuilder/openwrt-rebuilder/rebuild/build_dir/target-mips_24kc_musl/linux-ath79_generic/target-dir-fc7e6766//usr/lib/opkg/lists/default
Enabling ucitrack
Enabling uhttpd
Installing kmod-ath10k-ct-smallbuffers (4.14.195+2019-09-09-5e8cd86f-1) to root...
Installing kmod-hwmon-core (4.14.195-1) to root...
Downloading file:///home/runner/work/openwrt-rebuilder/openwrt-rebuilder/rebuild/staging_dir/packages/ath79/kmod-hwmon-core_4.14.195-1_mips_24kc.ipk
Installing ath10k-firmware-qca9887-ct-htt (2020-07-02-1) to root...
Configuring kmod-hwmon-core.
Configuring kmod-ath10k-ct-smallbuffers.
Configuring ath10k-firmware-qca9887-ct-htt.
Enabling umount
Enabling urandom_seed
Enabling urngd
Installing kmod-ath10k-ct (4.14.195+2019-09-09-5e8cd86f-1) to root...
Installing kmod-hwmon-core (4.14.195-1) to root...
Downloading file:///home/runner/work/openwrt-rebuilder/openwrt-rebuilder/rebuild/staging_dir/packages/ath79/kmod-hwmon-core_4.14.195-1_mips_24kc.ipk
Installing ath10k-firmware-qca988x-ct (2020-07-02-1) to root...
Installing om-watchdog (1-2) to root...
Configuring kmod-hwmon-core.
Configuring ath10k-firmware-qca988x-ct.
Configuring kmod-ath10k-ct.
Configuring om-watchdog.
Downloading file:///home/runner/work/openwrt-rebuilder/openwrt-rebuilder/rebuild/staging_dir/packages/ath79/Packages
Updated list of available packages in /home/runner/work/openwrt-rebuilder/openwrt-rebuilder/rebuild/build_dir/target-mips_24kc_musl/linux-ath79_generic/target-dir-5dd81534//usr/lib/opkg/lists/default
Installing kmod-ath10k-ct (4.14.195+2019-09-09-5e8cd86f-1) to root...
Installing kmod-hwmon-core (4.14.195-1) to root...
Downloading file:///home/runner/work/openwrt-rebuilder/openwrt-rebuilder/rebuild/staging_dir/packages/ath79/kmod-hwmon-core_4.14.195-1_mips_24kc.ipk
Installing ath10k-firmware-qca99x0-ct (2020-07-02-1) to root...
Configuring kmod-hwmon-core.
Configuring kmod-ath10k-ct.
Configuring ath10k-firmware-qca99x0-ct.
Enabling boot
Enabling cron
Enabling dnsmasq
Enabling done
Enabling dropbear
Enabling firewall
Enabling gpio_switch
Enabling led
Enabling boot
Enabling log
Enabling cron
Enabling network
Enabling dnsmasq
Enabling done
Enabling odhcpd
Enabling rpcd
Enabling dropbear
Enabling sysctl
Enabling firewall
Enabling sysfixtime
Enabling boot
Enabling gpio_switch
Enabling sysntpd
Enabling led
Enabling cron
Enabling system
Enabling dnsmasq
Enabling log
Enabling done
Enabling ucitrack
Enabling network
Enabling dropbear
Enabling uhttpd
Enabling firewall
Enabling odhcpd
Enabling umount
Enabling urandom_seed
Enabling gpio_switch
Enabling om-watchdog
Enabling led
Enabling urngd
Enabling rpcd
Enabling log
Enabling sysctl
Enabling sysfixtime
Enabling network
Enabling odhcpd
Enabling sysntpd
Downloading file:///home/runner/work/openwrt-rebuilder/openwrt-rebuilder/rebuild/staging_dir/packages/ath79/Packages
Updated list of available packages in /home/runner/work/openwrt-rebuilder/openwrt-rebuilder/rebuild/build_dir/target-mips_24kc_musl/linux-ath79_generic/target-dir-7add4e9d//usr/lib/opkg/lists/default
Enabling rpcd
Enabling system
Enabling sysctl
Enabling sysfixtime
Enabling ucitrack
Enabling sysntpd
Enabling uhttpd
Enabling system
Enabling umount
Enabling ucitrack
Enabling urandom_seed
Enabling uhttpd
Enabling urngd
Enabling umount
Enabling urandom_seed
Enabling urngd
Downloading file:///home/runner/work/openwrt-rebuilder/openwrt-rebuilder/rebuild/staging_dir/packages/ath79/Packages
Updated list of available packages in /home/runner/work/openwrt-rebuilder/openwrt-rebuilder/rebuild/build_dir/target-mips_24kc_musl/linux-ath79_generic/target-dir-b96c553d//usr/lib/opkg/lists/default
Installing kmod-usb-core (4.14.195-1) to root...
Downloading file:///home/runner/work/openwrt-rebuilder/openwrt-rebuilder/rebuild/staging_dir/packages/ath79/kmod-usb-core_4.14.195-1_mips_24kc.ipk
Installing kmod-nls-base (4.14.195-1) to root...
Downloading file:///home/runner/work/openwrt-rebuilder/openwrt-rebuilder/rebuild/staging_dir/packages/ath79/kmod-nls-base_4.14.195-1_mips_24kc.ipk
Installing kmod-usb2 (4.14.195-1) to root...
Installing kmod-phy-ath79-usb (4.14.195-1) to root...
Downloading file:///home/runner/work/openwrt-rebuilder/openwrt-rebuilder/rebuild/staging_dir/packages/ath79/kmod-phy-ath79-usb_4.14.195-1_mips_24kc.ipk
Installing kmod-usb-ehci (4.14.195-1) to root...
Downloading file:///home/runner/work/openwrt-rebuilder/openwrt-rebuilder/rebuild/staging_dir/packages/ath79/kmod-usb-ehci_4.14.195-1_mips_24kc.ipk
Installing kmod-usb-chipidea2 (4.14.195-1) to root...
Installing kmod-usb-phy-nop (4.14.195-1) to root...
Downloading file:///home/runner/work/openwrt-rebuilder/openwrt-rebuilder/rebuild/staging_dir/packages/ath79/kmod-usb-phy-nop_4.14.195-1_mips_24kc.ipk
Installing kmod-usb-chipidea (4.14.195-1) to root...
Downloading file:///home/runner/work/openwrt-rebuilder/openwrt-rebuilder/rebuild/staging_dir/packages/ath79/kmod-usb-chipidea_4.14.195-1_mips_24kc.ipk
Configuring kmod-nls-base.
Configuring kmod-usb-core.
Configuring kmod-phy-ath79-usb.
Configuring kmod-usb-ehci.
Configuring kmod-usb2.
Configuring kmod-usb-phy-nop.
Configuring kmod-usb-chipidea.
Configuring kmod-usb-chipidea2.
Removing package swconfig from root...
Downloading file:///home/runner/work/openwrt-rebuilder/openwrt-rebuilder/rebuild/staging_dir/packages/ath79/Packages
Updated list of available packages in /home/runner/work/openwrt-rebuilder/openwrt-rebuilder/rebuild/build_dir/target-mips_24kc_musl/linux-ath79_generic/target-dir-27435308//usr/lib/opkg/lists/default
Installing nvram (10) to root...
Installing rssileds (0.2-2) to root...
Configuring rssileds.
Configuring nvram.
Installing kmod-leds-reset (4.14.195-1) to root...
Installing kmod-ath10k-ct-smallbuffers (4.14.195+2019-09-09-5e8cd86f-1) to root...
Installing kmod-hwmon-core (4.14.195-1) to root...
Downloading file:///home/runner/work/openwrt-rebuilder/openwrt-rebuilder/rebuild/staging_dir/packages/ath79/kmod-hwmon-core_4.14.195-1_mips_24kc.ipk
Installing ath10k-firmware-qca9888-ct (2020-07-02-1) to root...
Configuring kmod-leds-reset.
Configuring kmod-hwmon-core.
Configuring kmod-ath10k-ct-smallbuffers.
Configuring ath10k-firmware-qca9888-ct.
Enabling boot
Enabling boot
Enabling cron
Enabling cron
Enabling dnsmasq
Enabling done
Enabling dnsmasq
Enabling done
Enabling dropbear
Enabling dropbear
Enabling boot
Enabling firewall
Enabling firewall
Enabling cron
Enabling gpio_switch
Enabling led
Enabling dnsmasq
Enabling gpio_switch
Enabling led
Enabling done
Enabling log
Enabling dropbear
Enabling log
Enabling network
Enabling network
Enabling firewall
Enabling odhcpd
Enabling odhcpd
Enabling gpio_switch
Enabling rpcd
Enabling led
Enabling rpcd
Enabling sysctl
Enabling rssileds
Enabling sysfixtime
Enabling log
Enabling sysctl
Enabling sysntpd
Enabling network
Enabling sysfixtime
Enabling system
Enabling odhcpd
Enabling sysntpd
Enabling ucitrack
Enabling rpcd
Enabling system
Enabling sysctl
Enabling uhttpd
Enabling sysfixtime
Enabling umount
Enabling ucitrack
Enabling sysntpd
Enabling urandom_seed
Enabling uhttpd
Enabling system
Enabling umount
Enabling urngd
Enabling ucitrack
Enabling urandom_seed
Enabling uhttpd
Enabling umount
Enabling urngd
Enabling urandom_seed
Downloading file:///home/runner/work/openwrt-rebuilder/openwrt-rebuilder/rebuild/staging_dir/packages/ath79/Packages
Updated list of available packages in /home/runner/work/openwrt-rebuilder/openwrt-rebuilder/rebuild/build_dir/target-mips_24kc_musl/linux-ath79_generic/target-dir-c1540e09//usr/lib/opkg/lists/default
Enabling urngd
Downloading file:///home/runner/work/openwrt-rebuilder/openwrt-rebuilder/rebuild/staging_dir/packages/ath79/Packages
Updated list of available packages in /home/runner/work/openwrt-rebuilder/openwrt-rebuilder/rebuild/build_dir/target-mips_24kc_musl/linux-ath79_generic/target-dir-5c616f89//usr/lib/opkg/lists/default
Downloading file:///home/runner/work/openwrt-rebuilder/openwrt-rebuilder/rebuild/staging_dir/packages/ath79/Packages
Updated list of available packages in /home/runner/work/openwrt-rebuilder/openwrt-rebuilder/rebuild/build_dir/target-mips_24kc_musl/linux-ath79_generic/target-dir-833ed9c3//usr/lib/opkg/lists/default
Installing kmod-i2c-core (4.14.195-1) to root...
Downloading file:///home/runner/work/openwrt-rebuilder/openwrt-rebuilder/rebuild/staging_dir/packages/ath79/kmod-i2c-core_4.14.195-1_mips_24kc.ipk
Installing kmod-i2c-gpio (4.14.195-1) to root...
Installing kmod-i2c-algo-bit (4.14.195-1) to root...
Downloading file:///home/runner/work/openwrt-rebuilder/openwrt-rebuilder/rebuild/staging_dir/packages/ath79/kmod-i2c-algo-bit_4.14.195-1_mips_24kc.ipk
Installing kmod-rtc-ds1307 (4.14.195-1) to root...
Installing kmod-regmap-core (4.14.195-1) to root...
Downloading file:///home/runner/work/openwrt-rebuilder/openwrt-rebuilder/rebuild/staging_dir/packages/ath79/kmod-regmap-core_4.14.195-1_mips_24kc.ipk
Installing kmod-regmap-i2c (4.14.195-1) to root...
Downloading file:///home/runner/work/openwrt-rebuilder/openwrt-rebuilder/rebuild/staging_dir/packages/ath79/kmod-regmap-i2c_4.14.195-1_mips_24kc.ipk
Installing kmod-hwmon-core (4.14.195-1) to root...
Downloading file:///home/runner/work/openwrt-rebuilder/openwrt-rebuilder/rebuild/staging_dir/packages/ath79/kmod-hwmon-core_4.14.195-1_mips_24kc.ipk
Installing kmod-usb2 (4.14.195-1) to root...
Installing kmod-nls-base (4.14.195-1) to root...
Downloading file:///home/runner/work/openwrt-rebuilder/openwrt-rebuilder/rebuild/staging_dir/packages/ath79/kmod-nls-base_4.14.195-1_mips_24kc.ipk
Installing kmod-usb-core (4.14.195-1) to root...
Downloading file:///home/runner/work/openwrt-rebuilder/openwrt-rebuilder/rebuild/staging_dir/packages/ath79/kmod-usb-core_4.14.195-1_mips_24kc.ipk
Installing kmod-phy-ath79-usb (4.14.195-1) to root...
Downloading file:///home/runner/work/openwrt-rebuilder/openwrt-rebuilder/rebuild/staging_dir/packages/ath79/kmod-phy-ath79-usb_4.14.195-1_mips_24kc.ipk
Installing kmod-usb-ehci (4.14.195-1) to root...
Downloading file:///home/runner/work/openwrt-rebuilder/openwrt-rebuilder/rebuild/staging_dir/packages/ath79/kmod-usb-ehci_4.14.195-1_mips_24kc.ipk
Installing kmod-usb-ledtrig-usbport (4.14.195-1) to root...
Configuring kmod-nls-base.
Configuring kmod-usb-core.
Configuring kmod-phy-ath79-usb.
Configuring kmod-usb-ehci.
Configuring kmod-i2c-core.
Configuring kmod-usb2.
Configuring kmod-regmap-core.
Configuring kmod-regmap-i2c.
Configuring kmod-hwmon-core.
Configuring kmod-rtc-ds1307.
Configuring kmod-i2c-algo-bit.
Configuring kmod-i2c-gpio.
Configuring kmod-usb-ledtrig-usbport.
Installing kmod-usb-core (4.14.195-1) to root...
Downloading file:///home/runner/work/openwrt-rebuilder/openwrt-rebuilder/rebuild/staging_dir/packages/ath79/kmod-usb-core_4.14.195-1_mips_24kc.ipk
Installing kmod-nls-base (4.14.195-1) to root...
Downloading file:///home/runner/work/openwrt-rebuilder/openwrt-rebuilder/rebuild/staging_dir/packages/ath79/kmod-nls-base_4.14.195-1_mips_24kc.ipk
Installing kmod-usb2 (4.14.195-1) to root...
Installing kmod-phy-ath79-usb (4.14.195-1) to root...
Downloading file:///home/runner/work/openwrt-rebuilder/openwrt-rebuilder/rebuild/staging_dir/packages/ath79/kmod-phy-ath79-usb_4.14.195-1_mips_24kc.ipk
Installing kmod-usb-ehci (4.14.195-1) to root...
Downloading file:///home/runner/work/openwrt-rebuilder/openwrt-rebuilder/rebuild/staging_dir/packages/ath79/kmod-usb-ehci_4.14.195-1_mips_24kc.ipk
Installing kmod-usb-ledtrig-usbport (4.14.195-1) to root...
Installing kmod-ath10k-ct (4.14.195+2019-09-09-5e8cd86f-1) to root...
Installing kmod-hwmon-core (4.14.195-1) to root...
Downloading file:///home/runner/work/openwrt-rebuilder/openwrt-rebuilder/rebuild/staging_dir/packages/ath79/kmod-hwmon-core_4.14.195-1_mips_24kc.ipk
Installing ath10k-firmware-qca988x-ct (2020-07-02-1) to root...
Configuring kmod-nls-base.
Configuring kmod-usb-core.
Configuring kmod-phy-ath79-usb.
Configuring kmod-usb-ehci.
Configuring kmod-usb2.
Configuring kmod-hwmon-core.
Configuring ath10k-firmware-qca988x-ct.
Configuring kmod-ath10k-ct.
Configuring kmod-usb-ledtrig-usbport.
Installing kmod-usb2 (4.14.195-1) to root...
Installing kmod-nls-base (4.14.195-1) to root...
Downloading file:///home/runner/work/openwrt-rebuilder/openwrt-rebuilder/rebuild/staging_dir/packages/ath79/kmod-nls-base_4.14.195-1_mips_24kc.ipk
Installing kmod-usb-core (4.14.195-1) to root...
Downloading file:///home/runner/work/openwrt-rebuilder/openwrt-rebuilder/rebuild/staging_dir/packages/ath79/kmod-usb-core_4.14.195-1_mips_24kc.ipk
Installing kmod-phy-ath79-usb (4.14.195-1) to root...
Downloading file:///home/runner/work/openwrt-rebuilder/openwrt-rebuilder/rebuild/staging_dir/packages/ath79/kmod-phy-ath79-usb_4.14.195-1_mips_24kc.ipk
Installing kmod-usb-ehci (4.14.195-1) to root...
Downloading file:///home/runner/work/openwrt-rebuilder/openwrt-rebuilder/rebuild/staging_dir/packages/ath79/kmod-usb-ehci_4.14.195-1_mips_24kc.ipk
Installing kmod-i2c-core (4.14.195-1) to root...
Downloading file:///home/runner/work/openwrt-rebuilder/openwrt-rebuilder/rebuild/staging_dir/packages/ath79/kmod-i2c-core_4.14.195-1_mips_24kc.ipk
Installing kmod-i2c-gpio (4.14.195-1) to root...
Installing kmod-i2c-algo-bit (4.14.195-1) to root...
Downloading file:///home/runner/work/openwrt-rebuilder/openwrt-rebuilder/rebuild/staging_dir/packages/ath79/kmod-i2c-algo-bit_4.14.195-1_mips_24kc.ipk
Installing kmod-rtc-pcf8563 (4.14.195-1) to root...
Installing kmod-usb-serial (4.14.195-1) to root...
Downloading file:///home/runner/work/openwrt-rebuilder/openwrt-rebuilder/rebuild/staging_dir/packages/ath79/kmod-usb-serial_4.14.195-1_mips_24kc.ipk
Installing kmod-usb-serial-cp210x (4.14.195-1) to root...
Installing uqmi (2019-06-27-1965c713-7) to root...
Installing kmod-mii (4.14.195-1) to root...
Downloading file:///home/runner/work/openwrt-rebuilder/openwrt-rebuilder/rebuild/staging_dir/packages/ath79/kmod-mii_4.14.195-1_mips_24kc.ipk
Installing kmod-usb-net (4.14.195-1) to root...
Downloading file:///home/runner/work/openwrt-rebuilder/openwrt-rebuilder/rebuild/staging_dir/packages/ath79/kmod-usb-net_4.14.195-1_mips_24kc.ipk
Installing kmod-usb-wdm (4.14.195-1) to root...
Downloading file:///home/runner/work/openwrt-rebuilder/openwrt-rebuilder/rebuild/staging_dir/packages/ath79/kmod-usb-wdm_4.14.195-1_mips_24kc.ipk
Installing kmod-usb-net-qmi-wwan (4.14.195-1) to root...
Downloading file:///home/runner/work/openwrt-rebuilder/openwrt-rebuilder/rebuild/staging_dir/packages/ath79/kmod-usb-net-qmi-wwan_4.14.195-1_mips_24kc.ipk
Installing wwan (2014-07-17-1) to root...
Downloading file:///home/runner/work/openwrt-rebuilder/openwrt-rebuilder/rebuild/staging_dir/packages/ath79/wwan_2014-07-17-1_mips_24kc.ipk
Configuring kmod-nls-base.
Configuring kmod-usb-core.
Configuring kmod-mii.
Configuring kmod-usb-net.
Configuring kmod-usb-wdm.
Configuring kmod-usb-net-qmi-wwan.
Configuring kmod-phy-ath79-usb.
Configuring kmod-i2c-core.
Configuring kmod-rtc-pcf8563.
Configuring kmod-usb-ehci.
Configuring kmod-usb2.
Configuring kmod-i2c-algo-bit.
Configuring kmod-i2c-gpio.
Configuring kmod-usb-serial.
Configuring kmod-usb-serial-cp210x.
Configuring wwan.
Configuring uqmi.
Enabling boot
Enabling cron
Enabling dnsmasq
Enabling boot
Enabling done
Enabling cron
Enabling boot
Enabling dropbear
Enabling dnsmasq
Enabling cron
Enabling firewall
Enabling done
Enabling gpio_switch
Enabling dnsmasq
Enabling led
Enabling dropbear
Enabling done
Enabling log
Enabling firewall
Enabling dropbear
Enabling network
Enabling gpio_switch
Enabling firewall
Enabling odhcpd
Enabling led
Enabling log
Enabling gpio_switch
Enabling rpcd
Enabling network
Enabling led
Enabling sysctl
Enabling sysfixtime
Enabling odhcpd
Enabling log
Enabling rpcd
Enabling sysntpd
Enabling network
Enabling sysctl
Enabling system
Enabling odhcpd
Enabling sysfixtime
Enabling ucitrack
Enabling rpcd
Enabling sysntpd
Enabling sysctl
Enabling sysfixtime
Enabling uhttpd
Enabling system
Enabling umount
Enabling sysntpd
Enabling ucitrack
Enabling urandom_seed
Enabling system
Enabling uhttpd
Enabling urngd
Enabling umount
Enabling ucitrack
Enabling urandom_seed
Enabling uhttpd
Enabling urngd
Enabling umount
Downloading file:///home/runner/work/openwrt-rebuilder/openwrt-rebuilder/rebuild/staging_dir/packages/ath79/Packages
Updated list of available packages in /home/runner/work/openwrt-rebuilder/openwrt-rebuilder/rebuild/build_dir/target-mips_24kc_musl/linux-ath79_generic/target-dir-b866b2bd//usr/lib/opkg/lists/default
Enabling urandom_seed
Enabling urngd
Downloading file:///home/runner/work/openwrt-rebuilder/openwrt-rebuilder/rebuild/staging_dir/packages/ath79/Packages
Updated list of available packages in /home/runner/work/openwrt-rebuilder/openwrt-rebuilder/rebuild/build_dir/target-mips_24kc_musl/linux-ath79_generic/target-dir-202d5a3e//usr/lib/opkg/lists/default
Installing kmod-ath10k-ct-smallbuffers (4.14.195+2019-09-09-5e8cd86f-1) to root...
Installing kmod-hwmon-core (4.14.195-1) to root...
Downloading file:///home/runner/work/openwrt-rebuilder/openwrt-rebuilder/rebuild/staging_dir/packages/ath79/kmod-hwmon-core_4.14.195-1_mips_24kc.ipk
Installing ath10k-firmware-qca9887-ct (2020-07-02-1) to root...
Configuring ath10k-firmware-qca9887-ct.
Configuring kmod-hwmon-core.
Configuring kmod-ath10k-ct-smallbuffers.
Downloading file:///home/runner/work/openwrt-rebuilder/openwrt-rebuilder/rebuild/staging_dir/packages/ath79/Packages
Updated list of available packages in /home/runner/work/openwrt-rebuilder/openwrt-rebuilder/rebuild/build_dir/target-mips_24kc_musl/linux-ath79_generic/target-dir-f2ab2bdd//usr/lib/opkg/lists/default
Installing kmod-ath10k-ct-smallbuffers (4.14.195+2019-09-09-5e8cd86f-1) to root...
Installing kmod-hwmon-core (4.14.195-1) to root...
Downloading file:///home/runner/work/openwrt-rebuilder/openwrt-rebuilder/rebuild/staging_dir/packages/ath79/kmod-hwmon-core_4.14.195-1_mips_24kc.ipk
Installing ath10k-firmware-qca9888-ct (2020-07-02-1) to root...
Configuring kmod-hwmon-core.
Configuring kmod-ath10k-ct-smallbuffers.
Configuring ath10k-firmware-qca9888-ct.
Installing kmod-usb-core (4.14.195-1) to root...
Downloading file:///home/runner/work/openwrt-rebuilder/openwrt-rebuilder/rebuild/staging_dir/packages/ath79/kmod-usb-core_4.14.195-1_mips_24kc.ipk
Installing kmod-nls-base (4.14.195-1) to root...
Downloading file:///home/runner/work/openwrt-rebuilder/openwrt-rebuilder/rebuild/staging_dir/packages/ath79/kmod-nls-base_4.14.195-1_mips_24kc.ipk
Installing kmod-usb2 (4.14.195-1) to root...
Installing kmod-phy-ath79-usb (4.14.195-1) to root...
Downloading file:///home/runner/work/openwrt-rebuilder/openwrt-rebuilder/rebuild/staging_dir/packages/ath79/kmod-phy-ath79-usb_4.14.195-1_mips_24kc.ipk
Installing kmod-usb-ehci (4.14.195-1) to root...
Downloading file:///home/runner/work/openwrt-rebuilder/openwrt-rebuilder/rebuild/staging_dir/packages/ath79/kmod-usb-ehci_4.14.195-1_mips_24kc.ipk
Installing kmod-usb-ledtrig-usbport (4.14.195-1) to root...
Installing kmod-ath10k-ct (4.14.195+2019-09-09-5e8cd86f-1) to root...
Installing kmod-hwmon-core (4.14.195-1) to root...
Downloading file:///home/runner/work/openwrt-rebuilder/openwrt-rebuilder/rebuild/staging_dir/packages/ath79/kmod-hwmon-core_4.14.195-1_mips_24kc.ipk
Installing ath10k-firmware-qca9888-ct (2020-07-02-1) to root...
Configuring kmod-nls-base.
Configuring kmod-usb-core.
Configuring kmod-phy-ath79-usb.
Configuring kmod-usb-ehci.
Configuring kmod-usb2.
Configuring ath10k-firmware-qca9888-ct.
Configuring kmod-hwmon-core.
Configuring kmod-ath10k-ct.
Configuring kmod-usb-ledtrig-usbport.
Enabling boot
Enabling cron
Enabling dnsmasq
Enabling boot
Enabling done
Enabling cron
Enabling dropbear
Enabling dnsmasq
Enabling firewall
Enabling done
Enabling gpio_switch
Enabling dropbear
Enabling led
Enabling firewall
Enabling log
Enabling gpio_switch
Enabling network
Enabling led
Enabling odhcpd
Enabling log
Enabling rpcd
Enabling network
Enabling sysctl
Enabling sysfixtime
Enabling odhcpd
Enabling sysntpd
Enabling rpcd
Enabling sysctl
Enabling system
Enabling sysfixtime
Enabling boot
Enabling ucitrack
Enabling sysntpd
Enabling cron
Enabling uhttpd
Enabling system
Enabling dnsmasq
Enabling umount
Enabling done
Enabling ucitrack
Enabling urandom_seed
Enabling dropbear
Enabling uhttpd
Enabling urngd
Enabling umount
Enabling firewall
Enabling urandom_seed
Enabling gpio_switch
Enabling led
Enabling urngd
Downloading file:///home/runner/work/openwrt-rebuilder/openwrt-rebuilder/rebuild/staging_dir/packages/ath79/Packages
Updated list of available packages in /home/runner/work/openwrt-rebuilder/openwrt-rebuilder/rebuild/build_dir/target-mips_24kc_musl/linux-ath79_generic/target-dir-344edf4c//usr/lib/opkg/lists/default
Enabling log
Enabling network
Installing rssileds (0.2-2) to root...
Configuring rssileds.
Downloading file:///home/runner/work/openwrt-rebuilder/openwrt-rebuilder/rebuild/staging_dir/packages/ath79/Packages
Updated list of available packages in /home/runner/work/openwrt-rebuilder/openwrt-rebuilder/rebuild/build_dir/target-mips_24kc_musl/linux-ath79_generic/target-dir-9707dc34//usr/lib/opkg/lists/default
Enabling odhcpd
Enabling rpcd
Enabling sysctl
Enabling sysfixtime
Enabling sysntpd
Enabling system
Enabling ucitrack
Enabling uhttpd
Enabling umount
Enabling urandom_seed
Enabling urngd
Installing kmod-usb-core (4.14.195-1) to root...
Downloading file:///home/runner/work/openwrt-rebuilder/openwrt-rebuilder/rebuild/staging_dir/packages/ath79/kmod-usb-core_4.14.195-1_mips_24kc.ipk
Installing kmod-nls-base (4.14.195-1) to root...
Downloading file:///home/runner/work/openwrt-rebuilder/openwrt-rebuilder/rebuild/staging_dir/packages/ath79/kmod-nls-base_4.14.195-1_mips_24kc.ipk
Installing kmod-usb2 (4.14.195-1) to root...
Installing kmod-phy-ath79-usb (4.14.195-1) to root...
Downloading file:///home/runner/work/openwrt-rebuilder/openwrt-rebuilder/rebuild/staging_dir/packages/ath79/kmod-phy-ath79-usb_4.14.195-1_mips_24kc.ipk
Installing kmod-usb-ehci (4.14.195-1) to root...
Downloading file:///home/runner/work/openwrt-rebuilder/openwrt-rebuilder/rebuild/staging_dir/packages/ath79/kmod-usb-ehci_4.14.195-1_mips_24kc.ipk
Installing kmod-usb-ledtrig-usbport (4.14.195-1) to root...
Installing kmod-ath10k-ct-smallbuffers (4.14.195+2019-09-09-5e8cd86f-1) to root...
Installing kmod-hwmon-core (4.14.195-1) to root...
Downloading file:///home/runner/work/openwrt-rebuilder/openwrt-rebuilder/rebuild/staging_dir/packages/ath79/kmod-hwmon-core_4.14.195-1_mips_24kc.ipk
Installing ath10k-firmware-qca988x-ct (2020-07-02-1) to root...
Configuring kmod-nls-base.
Configuring kmod-usb-core.
Configuring kmod-phy-ath79-usb.
Configuring kmod-usb-ehci.
Configuring kmod-usb2.
Configuring kmod-hwmon-core.
Configuring kmod-ath10k-ct-smallbuffers.
Configuring ath10k-firmware-qca988x-ct.
Configuring kmod-usb-ledtrig-usbport.
Downloading file:///home/runner/work/openwrt-rebuilder/openwrt-rebuilder/rebuild/staging_dir/packages/ath79/Packages
Updated list of available packages in /home/runner/work/openwrt-rebuilder/openwrt-rebuilder/rebuild/build_dir/target-mips_24kc_musl/linux-ath79_generic/target-dir-08f58596//usr/lib/opkg/lists/default
Installing kmod-ath10k-ct-smallbuffers (4.14.195+2019-09-09-5e8cd86f-1) to root...
Installing kmod-hwmon-core (4.14.195-1) to root...
Downloading file:///home/runner/work/openwrt-rebuilder/openwrt-rebuilder/rebuild/staging_dir/packages/ath79/kmod-hwmon-core_4.14.195-1_mips_24kc.ipk
Installing ath10k-firmware-qca988x-ct (2020-07-02-1) to root...
Configuring kmod-hwmon-core.
Configuring kmod-ath10k-ct-smallbuffers.
Configuring ath10k-firmware-qca988x-ct.
Enabling boot
Enabling cron
Enabling dnsmasq
Enabling done
Enabling dropbear
Enabling firewall
Enabling gpio_switch
Enabling led
Enabling log
Enabling network
Enabling odhcpd
Enabling rpcd
Enabling rssileds
Enabling boot
Enabling sysctl
Enabling sysfixtime
Enabling cron
Enabling sysntpd
Enabling dnsmasq
Enabling done
Enabling system
Enabling dropbear
Enabling ucitrack
Enabling firewall
Enabling uhttpd
Enabling gpio_switch
Enabling umount
Enabling led
Enabling urandom_seed
Enabling log
Enabling urngd
Enabling boot
Enabling network
Enabling cron
Enabling odhcpd
Enabling dnsmasq
Enabling rpcd
Downloading file:///home/runner/work/openwrt-rebuilder/openwrt-rebuilder/rebuild/staging_dir/packages/ath79/Packages
Updated list of available packages in /home/runner/work/openwrt-rebuilder/openwrt-rebuilder/rebuild/build_dir/target-mips_24kc_musl/linux-ath79_generic/target-dir-f7180266//usr/lib/opkg/lists/default
Enabling done
Enabling sysctl
Enabling sysfixtime
Enabling sysntpd
Enabling dropbear
Enabling system
Enabling firewall
Enabling ucitrack
Enabling gpio_switch
Enabling led
Enabling uhttpd
Enabling umount
Enabling log
Enabling urandom_seed
Enabling network
Installing kmod-usb2 (4.14.195-1) to root...
Installing kmod-nls-base (4.14.195-1) to root...
Downloading file:///home/runner/work/openwrt-rebuilder/openwrt-rebuilder/rebuild/staging_dir/packages/ath79/kmod-nls-base_4.14.195-1_mips_24kc.ipk
Installing kmod-usb-core (4.14.195-1) to root...
Downloading file:///home/runner/work/openwrt-rebuilder/openwrt-rebuilder/rebuild/staging_dir/packages/ath79/kmod-usb-core_4.14.195-1_mips_24kc.ipk
Installing kmod-phy-ath79-usb (4.14.195-1) to root...
Downloading file:///home/runner/work/openwrt-rebuilder/openwrt-rebuilder/rebuild/staging_dir/packages/ath79/kmod-phy-ath79-usb_4.14.195-1_mips_24kc.ipk
Installing kmod-usb-ehci (4.14.195-1) to root...
Downloading file:///home/runner/work/openwrt-rebuilder/openwrt-rebuilder/rebuild/staging_dir/packages/ath79/kmod-usb-ehci_4.14.195-1_mips_24kc.ipk
Installing kmod-usb-ledtrig-usbport (4.14.195-1) to root...
Configuring kmod-nls-base.
Configuring kmod-usb-core.
Configuring kmod-phy-ath79-usb.
Configuring kmod-usb-ehci.
Configuring kmod-usb2.
Configuring kmod-usb-ledtrig-usbport.
Enabling urngd
Enabling odhcpd
Enabling rpcd
Enabling sysctl
Enabling sysfixtime
Downloading file:///home/runner/work/openwrt-rebuilder/openwrt-rebuilder/rebuild/staging_dir/packages/ath79/Packages
Updated list of available packages in /home/runner/work/openwrt-rebuilder/openwrt-rebuilder/rebuild/build_dir/target-mips_24kc_musl/linux-ath79_generic/target-dir-b3a76240//usr/lib/opkg/lists/default
Enabling sysntpd
Enabling system
Enabling ucitrack
Enabling uhttpd
Enabling umount
Enabling urandom_seed
Enabling urngd
Installing kmod-usb-core (4.14.195-1) to root...
Downloading file:///home/runner/work/openwrt-rebuilder/openwrt-rebuilder/rebuild/staging_dir/packages/ath79/kmod-usb-core_4.14.195-1_mips_24kc.ipk
Installing kmod-nls-base (4.14.195-1) to root...
Downloading file:///home/runner/work/openwrt-rebuilder/openwrt-rebuilder/rebuild/staging_dir/packages/ath79/kmod-nls-base_4.14.195-1_mips_24kc.ipk
Installing kmod-usb-chipidea2 (4.14.195-1) to root...
Installing kmod-usb-ehci (4.14.195-1) to root...
Downloading file:///home/runner/work/openwrt-rebuilder/openwrt-rebuilder/rebuild/staging_dir/packages/ath79/kmod-usb-ehci_4.14.195-1_mips_24kc.ipk
Installing kmod-usb-phy-nop (4.14.195-1) to root...
Downloading file:///home/runner/work/openwrt-rebuilder/openwrt-rebuilder/rebuild/staging_dir/packages/ath79/kmod-usb-phy-nop_4.14.195-1_mips_24kc.ipk
Installing kmod-usb-chipidea (4.14.195-1) to root...
Downloading file:///home/runner/work/openwrt-rebuilder/openwrt-rebuilder/rebuild/staging_dir/packages/ath79/kmod-usb-chipidea_4.14.195-1_mips_24kc.ipk
Installing kmod-usb-ledtrig-usbport (4.14.195-1) to root...
Configuring kmod-nls-base.
Configuring kmod-usb-core.
Configuring kmod-usb-ehci.
Configuring kmod-usb-phy-nop.
Configuring kmod-usb-chipidea.
Configuring kmod-usb-chipidea2.
Configuring kmod-usb-ledtrig-usbport.
Downloading file:///home/runner/work/openwrt-rebuilder/openwrt-rebuilder/rebuild/staging_dir/packages/ath79/Packages
Updated list of available packages in /home/runner/work/openwrt-rebuilder/openwrt-rebuilder/rebuild/build_dir/target-mips_24kc_musl/linux-ath79_generic/target-dir-ed4c8701//usr/lib/opkg/lists/default
Installing kmod-usb-core (4.14.195-1) to root...
Downloading file:///home/runner/work/openwrt-rebuilder/openwrt-rebuilder/rebuild/staging_dir/packages/ath79/kmod-usb-core_4.14.195-1_mips_24kc.ipk
Installing kmod-nls-base (4.14.195-1) to root...
Downloading file:///home/runner/work/openwrt-rebuilder/openwrt-rebuilder/rebuild/staging_dir/packages/ath79/kmod-nls-base_4.14.195-1_mips_24kc.ipk
Installing kmod-usb2 (4.14.195-1) to root...
Installing kmod-phy-ath79-usb (4.14.195-1) to root...
Downloading file:///home/runner/work/openwrt-rebuilder/openwrt-rebuilder/rebuild/staging_dir/packages/ath79/kmod-phy-ath79-usb_4.14.195-1_mips_24kc.ipk
Installing kmod-usb-ehci (4.14.195-1) to root...
Downloading file:///home/runner/work/openwrt-rebuilder/openwrt-rebuilder/rebuild/staging_dir/packages/ath79/kmod-usb-ehci_4.14.195-1_mips_24kc.ipk
Installing kmod-usb-ohci (4.14.195-1) to root...
Configuring kmod-nls-base.
Configuring kmod-usb-core.
Configuring kmod-usb-ohci.
Configuring kmod-phy-ath79-usb.
Configuring kmod-usb-ehci.
Configuring kmod-usb2.
Enabling boot
Enabling cron
Enabling dnsmasq
Enabling done
Enabling dropbear
Enabling firewall
Enabling gpio_switch
Enabling led
Enabling log
Enabling network
Enabling odhcpd
Enabling rpcd
Enabling sysctl
Enabling sysfixtime
Enabling boot
Enabling sysntpd
Enabling cron
Enabling system
Enabling dnsmasq
Enabling ucitrack
Enabling done
Enabling uhttpd
Enabling dropbear
Enabling umount
Enabling firewall
Enabling urandom_seed
Enabling gpio_switch
Enabling urngd
Enabling led
Enabling log
Enabling network
Enabling odhcpd
Downloading file:///home/runner/work/openwrt-rebuilder/openwrt-rebuilder/rebuild/staging_dir/packages/ath79/Packages
Updated list of available packages in /home/runner/work/openwrt-rebuilder/openwrt-rebuilder/rebuild/build_dir/target-mips_24kc_musl/linux-ath79_generic/target-dir-7a4c1c35//usr/lib/opkg/lists/default
Enabling boot
Enabling cron
Enabling rpcd
Enabling sysctl
Enabling dnsmasq
Enabling sysfixtime
Enabling done
Enabling sysntpd
Enabling dropbear
Enabling system
Enabling firewall
Enabling ucitrack
Enabling uhttpd
Enabling gpio_switch
Enabling led
Enabling umount
Installing kmod-usb-core (4.14.195-1) to root...
Downloading file:///home/runner/work/openwrt-rebuilder/openwrt-rebuilder/rebuild/staging_dir/packages/ath79/kmod-usb-core_4.14.195-1_mips_24kc.ipk
Installing kmod-nls-base (4.14.195-1) to root...
Downloading file:///home/runner/work/openwrt-rebuilder/openwrt-rebuilder/rebuild/staging_dir/packages/ath79/kmod-nls-base_4.14.195-1_mips_24kc.ipk
Installing kmod-usb2 (4.14.195-1) to root...
Installing kmod-phy-ath79-usb (4.14.195-1) to root...
Downloading file:///home/runner/work/openwrt-rebuilder/openwrt-rebuilder/rebuild/staging_dir/packages/ath79/kmod-phy-ath79-usb_4.14.195-1_mips_24kc.ipk
Installing kmod-usb-ehci (4.14.195-1) to root...
Downloading file:///home/runner/work/openwrt-rebuilder/openwrt-rebuilder/rebuild/staging_dir/packages/ath79/kmod-usb-ehci_4.14.195-1_mips_24kc.ipk
Installing kmod-usb-ohci (4.14.195-1) to root...
Installing rssileds (0.2-2) to root...
Configuring kmod-nls-base.
Configuring kmod-usb-core.
Configuring kmod-usb-ohci.
Configuring kmod-phy-ath79-usb.
Configuring kmod-usb-ehci.
Configuring kmod-usb2.
Configuring rssileds.
Enabling urandom_seed
Enabling log
Enabling urngd
Enabling network
Enabling odhcpd
Enabling rpcd
Enabling sysctl
Enabling sysfixtime
Downloading file:///home/runner/work/openwrt-rebuilder/openwrt-rebuilder/rebuild/staging_dir/packages/ath79/Packages
Updated list of available packages in /home/runner/work/openwrt-rebuilder/openwrt-rebuilder/rebuild/build_dir/target-mips_24kc_musl/linux-ath79_generic/target-dir-b29eedd3//usr/lib/opkg/lists/default
Enabling sysntpd
Enabling system
Enabling ucitrack
Enabling uhttpd
Enabling umount
Enabling urandom_seed
Installing kmod-usb-core (4.14.195-1) to root...
Downloading file:///home/runner/work/openwrt-rebuilder/openwrt-rebuilder/rebuild/staging_dir/packages/ath79/kmod-usb-core_4.14.195-1_mips_24kc.ipk
Installing kmod-nls-base (4.14.195-1) to root...
Downloading file:///home/runner/work/openwrt-rebuilder/openwrt-rebuilder/rebuild/staging_dir/packages/ath79/kmod-nls-base_4.14.195-1_mips_24kc.ipk
Installing kmod-usb2 (4.14.195-1) to root...
Installing kmod-phy-ath79-usb (4.14.195-1) to root...
Downloading file:///home/runner/work/openwrt-rebuilder/openwrt-rebuilder/rebuild/staging_dir/packages/ath79/kmod-phy-ath79-usb_4.14.195-1_mips_24kc.ipk
Installing kmod-usb-ehci (4.14.195-1) to root...
Downloading file:///home/runner/work/openwrt-rebuilder/openwrt-rebuilder/rebuild/staging_dir/packages/ath79/kmod-usb-ehci_4.14.195-1_mips_24kc.ipk
Installing rssileds (0.2-2) to root...
Configuring kmod-nls-base.
Configuring kmod-usb-core.
Configuring kmod-phy-ath79-usb.
Configuring kmod-usb-ehci.
Configuring kmod-usb2.
Configuring rssileds.
Enabling urngd
Downloading file:///home/runner/work/openwrt-rebuilder/openwrt-rebuilder/rebuild/staging_dir/packages/ath79/Packages
Updated list of available packages in /home/runner/work/openwrt-rebuilder/openwrt-rebuilder/rebuild/build_dir/target-mips_24kc_musl/linux-ath79_generic/target-dir-dc54c866//usr/lib/opkg/lists/default
Installing kmod-usb-core (4.14.195-1) to root...
Downloading file:///home/runner/work/openwrt-rebuilder/openwrt-rebuilder/rebuild/staging_dir/packages/ath79/kmod-usb-core_4.14.195-1_mips_24kc.ipk
Installing kmod-nls-base (4.14.195-1) to root...
Downloading file:///home/runner/work/openwrt-rebuilder/openwrt-rebuilder/rebuild/staging_dir/packages/ath79/kmod-nls-base_4.14.195-1_mips_24kc.ipk
Installing kmod-usb2 (4.14.195-1) to root...
Installing kmod-phy-ath79-usb (4.14.195-1) to root...
Downloading file:///home/runner/work/openwrt-rebuilder/openwrt-rebuilder/rebuild/staging_dir/packages/ath79/kmod-phy-ath79-usb_4.14.195-1_mips_24kc.ipk
Installing kmod-usb-ehci (4.14.195-1) to root...
Downloading file:///home/runner/work/openwrt-rebuilder/openwrt-rebuilder/rebuild/staging_dir/packages/ath79/kmod-usb-ehci_4.14.195-1_mips_24kc.ipk
Installing kmod-ath10k-ct-smallbuffers (4.14.195+2019-09-09-5e8cd86f-1) to root...
Installing kmod-hwmon-core (4.14.195-1) to root...
Downloading file:///home/runner/work/openwrt-rebuilder/openwrt-rebuilder/rebuild/staging_dir/packages/ath79/kmod-hwmon-core_4.14.195-1_mips_24kc.ipk
Installing ath10k-firmware-qca988x-ct (2020-07-02-1) to root...
Installing rssileds (0.2-2) to root...
Configuring kmod-nls-base.
Configuring kmod-usb-core.
Configuring kmod-phy-ath79-usb.
Configuring kmod-usb-ehci.
Configuring kmod-usb2.
Configuring kmod-hwmon-core.
Configuring kmod-ath10k-ct-smallbuffers.
Configuring ath10k-firmware-qca988x-ct.
Configuring rssileds.
Enabling boot
Enabling cron
Enabling dnsmasq
Enabling done
Enabling dropbear
Enabling firewall
Enabling gpio_switch
Enabling led
Enabling log
Enabling network
Enabling odhcpd
Enabling rpcd
Enabling boot
Enabling rssileds
Enabling cron
Enabling sysctl
Enabling sysfixtime
Enabling dnsmasq
Enabling sysntpd
Enabling done
Enabling system
Enabling dropbear
Enabling ucitrack
Enabling firewall
Enabling uhttpd
Enabling gpio_switch
Enabling umount
Enabling led
Enabling urandom_seed
Enabling log
Enabling urngd
Enabling network
Enabling odhcpd
Enabling rpcd
Enabling rssileds
Enabling sysctl
Removing package kmod-ath9k from root...
Removing package uboot-envtools from root...
Removing package swconfig from root...
Downloading file:///home/runner/work/openwrt-rebuilder/openwrt-rebuilder/rebuild/staging_dir/packages/ath79/Packages
Updated list of available packages in /home/runner/work/openwrt-rebuilder/openwrt-rebuilder/rebuild/build_dir/target-mips_24kc_musl/linux-ath79_generic/target-dir-55dc9250//usr/lib/opkg/lists/default
Enabling sysfixtime
Enabling sysntpd
Enabling system
Enabling boot
Enabling ucitrack
Enabling cron
Enabling uhttpd
Enabling dnsmasq
Enabling umount
Enabling done
Enabling urandom_seed
Enabling dropbear
Enabling urngd
Installing kmod-usb-ohci (4.14.195-1) to root...
Installing kmod-nls-base (4.14.195-1) to root...
Downloading file:///home/runner/work/openwrt-rebuilder/openwrt-rebuilder/rebuild/staging_dir/packages/ath79/kmod-nls-base_4.14.195-1_mips_24kc.ipk
Installing kmod-usb-core (4.14.195-1) to root...
Downloading file:///home/runner/work/openwrt-rebuilder/openwrt-rebuilder/rebuild/staging_dir/packages/ath79/kmod-usb-core_4.14.195-1_mips_24kc.ipk
Installing kmod-usb2 (4.14.195-1) to root...
Installing kmod-phy-ath79-usb (4.14.195-1) to root...
Downloading file:///home/runner/work/openwrt-rebuilder/openwrt-rebuilder/rebuild/staging_dir/packages/ath79/kmod-phy-ath79-usb_4.14.195-1_mips_24kc.ipk
Installing kmod-usb-ehci (4.14.195-1) to root...
Downloading file:///home/runner/work/openwrt-rebuilder/openwrt-rebuilder/rebuild/staging_dir/packages/ath79/kmod-usb-ehci_4.14.195-1_mips_24kc.ipk
Installing fconfig (20080329-1) to root...
Configuring kmod-nls-base.
Configuring kmod-usb-core.
Configuring kmod-usb-ohci.
Configuring kmod-phy-ath79-usb.
Configuring kmod-usb-ehci.
Configuring kmod-usb2.
Configuring fconfig.
Enabling firewall
Enabling gpio_switch
Enabling led
Enabling log
Enabling network
Removing package kmod-ath9k from root...
Removing package uboot-envtools from root...
Downloading file:///home/runner/work/openwrt-rebuilder/openwrt-rebuilder/rebuild/staging_dir/packages/ath79/Packages
Updated list of available packages in /home/runner/work/openwrt-rebuilder/openwrt-rebuilder/rebuild/build_dir/target-mips_24kc_musl/linux-ath79_generic/target-dir-26500073//usr/lib/opkg/lists/default
Enabling odhcpd
Enabling rpcd
Enabling rssileds
Enabling sysctl
Enabling sysfixtime
Enabling sysntpd
Enabling system
Enabling ucitrack
Installing kmod-usb-ohci (4.14.195-1) to root...
Installing kmod-nls-base (4.14.195-1) to root...
Downloading file:///home/runner/work/openwrt-rebuilder/openwrt-rebuilder/rebuild/staging_dir/packages/ath79/kmod-nls-base_4.14.195-1_mips_24kc.ipk
Installing kmod-usb-core (4.14.195-1) to root...
Downloading file:///home/runner/work/openwrt-rebuilder/openwrt-rebuilder/rebuild/staging_dir/packages/ath79/kmod-usb-core_4.14.195-1_mips_24kc.ipk
Installing kmod-usb2 (4.14.195-1) to root...
Installing kmod-phy-ath79-usb (4.14.195-1) to root...
Downloading file:///home/runner/work/openwrt-rebuilder/openwrt-rebuilder/rebuild/staging_dir/packages/ath79/kmod-phy-ath79-usb_4.14.195-1_mips_24kc.ipk
Installing kmod-usb-ehci (4.14.195-1) to root...
Downloading file:///home/runner/work/openwrt-rebuilder/openwrt-rebuilder/rebuild/staging_dir/packages/ath79/kmod-usb-ehci_4.14.195-1_mips_24kc.ipk
Installing fconfig (20080329-1) to root...
Configuring kmod-nls-base.
Configuring kmod-usb-core.
Configuring kmod-usb-ohci.
Configuring kmod-phy-ath79-usb.
Configuring kmod-usb-ehci.
Configuring kmod-usb2.
Configuring fconfig.
Enabling uhttpd
Enabling umount
Enabling urandom_seed
Enabling urngd
Pseudo file "/dev" exists in source filesystem "/home/runner/work/openwrt-rebuilder/openwrt-rebuilder/rebuild/build_dir/target-mips_24kc_musl/root-ath79/dev".
Ignoring, exclude it (-e/-ef) to override.
Parallel mksquashfs: Using 1 processor
Creating 4.0 filesystem on /home/runner/work/openwrt-rebuilder/openwrt-rebuilder/rebuild/build_dir/target-mips_24kc_musl/linux-ath79_generic/root.squashfs, block size 262144.
[=====================================================\          ] 700/823  85%[===============================================================|] 823/823 100%

Exportable Squashfs 4.0 filesystem, xz compressed, data block size 262144
	compressed data, compressed metadata, compressed fragments,
	no xattrs, compressed ids
	duplicates are removed
Filesystem size 2364.62 Kbytes (2.31 Mbytes)
	34.53% of uncompressed filesystem size (6848.71 Kbytes)
Inode table size 7450 bytes (7.28 Kbytes)
	20.22% of uncompressed inode table size (36851 bytes)
Directory table size 10674 bytes (10.42 Kbytes)
	46.44% of uncompressed directory table size (22984 bytes)
Number of duplicate files found 112
Number of inodes 1117
Number of files 822
Number of fragments 18
Number of symbolic links  187
Number of device nodes 1
Number of fifo nodes 0
Number of socket nodes 0
Number of directories 107
Number of ids (unique uids + gids) 1
Number of uids 1
	root (0)
Number of gids 1
	root (0)
Enabling boot
Enabling cron
Enabling dnsmasq
Enabling done
Enabling dropbear
Enabling firewall
Enabling gpio_switch
Enabling led
Enabling log
Enabling boot
Enabling network
Enabling odhcpd
Enabling cron
Enabling rpcd
Enabling sysctl
Enabling dnsmasq
Enabling sysfixtime
Enabling done
Enabling sysntpd
Enabling dropbear
Enabling system
Enabling firewall
Enabling ucitrack
Enabling gpio_switch
Enabling uhttpd
Enabling led
Enabling umount
Enabling log
Enabling urandom_seed
Enabling network
Enabling urngd
Enabling odhcpd
Enabling rpcd
Enabling sysctl
Enabling sysfixtime
Enabling sysntpd
Enabling system
Enabling ucitrack
Enabling uhttpd
Enabling umount
Enabling urandom_seed
Enabling urngd
Pseudo file "/dev" exists in source filesystem "/home/runner/work/openwrt-rebuilder/openwrt-rebuilder/rebuild/build_dir/target-mips_24kc_musl/linux-ath79_generic/target-dir-06fcc389/dev".
Ignoring, exclude it (-e/-ef) to override.
Parallel mksquashfs: Using 1 processor
Creating 4.0 filesystem on /home/runner/work/openwrt-rebuilder/openwrt-rebuilder/rebuild/build_dir/target-mips_24kc_musl/linux-ath79_generic/root.squashfs+pkg=06fcc389, block size 262144.
[===============================================================/] 861/861 100%Image Name:   MIPS OpenWrt Linux-4.14.195
Created:      Sun Sep  6 16:19:39 2020
Image Type:   MIPS Linux Kernel Image (lzma compressed)
Data Size:    1596733 Bytes = 1559.31 KiB = 1.52 MiB
Load Address: 80060000
Entry Point:  80060000


Exportable Squashfs 4.0 filesystem, xz compressed, data block size 262144
	compressed data, compressed metadata, compressed fragments,
	no xattrs, compressed ids
	duplicates are removed
Filesystem size 2454.13 Kbytes (2.40 Mbytes)
	34.41% of uncompressed filesystem size (7132.30 Kbytes)
Inode table size 7718 bytes (7.54 Kbytes)
	20.08% of uncompressed inode table size (38438 bytes)
Directory table size 11078 bytes (10.82 Kbytes)
	45.88% of uncompressed directory table size (24147 bytes)
Number of duplicate files found 120
Number of inodes 1162
Number of files 860
Number of fragments 19
Number of symbolic links  194
Number of device nodes 1
Number of fifo nodes 0
Number of socket nodes 0
Number of directories 107
Number of ids (unique uids + gids) 1
Number of uids 1
	root (0)
Number of gids 1
	root (0)
Image Name:   MIPS OpenWrt Linux-4.14.195
Created:      Sun Sep  6 16:19:39 2020
Image Type:   MIPS Linux Kernel Image (lzma compressed)
Data Size:    3818148 Bytes = 3728.66 KiB = 3.64 MiB
Load Address: 80060000
Entry Point:  80060000
Pseudo file "/dev" exists in source filesystem "/home/runner/work/openwrt-rebuilder/openwrt-rebuilder/rebuild/build_dir/target-mips_24kc_musl/linux-ath79_generic/target-dir-96fb2501/dev".
Ignoring, exclude it (-e/-ef) to override.
Image Name:   MIPS OpenWrt Linux-4.14.195
Created:      Sun Sep  6 16:19:39 2020
Image Type:   MIPS Linux Kernel Image (lzma compressed)
Data Size:    1596964 Bytes = 1559.54 KiB = 1.52 MiB
Load Address: 80060000
Entry Point:  80060000
Parallel mksquashfs: Using 1 processor
Creating 4.0 filesystem on /home/runner/work/openwrt-rebuilder/openwrt-rebuilder/rebuild/build_dir/target-mips_24kc_musl/linux-ath79_generic/root.squashfs+pkg=96fb2501, block size 262144.
[===============================================================|] 848/848 100%

Exportable Squashfs 4.0 filesystem, xz compressed, data block size 262144
	compressed data, compressed metadata, compressed fragments,
	no xattrs, compressed ids
	duplicates are removed
Filesystem size 2395.67 Kbytes (2.34 Mbytes)
	34.39% of uncompressed filesystem size (6965.65 Kbytes)
Inode table size 7598 bytes (7.42 Kbytes)
	20.11% of uncompressed inode table size (37779 bytes)
Directory table size 10934 bytes (10.68 Kbytes)
	46.19% of uncompressed directory table size (23672 bytes)
Number of duplicate files found 117
Number of inodes 1144
Number of files 847
Number of fragments 18
Number of symbolic links  189
Number of device nodes 1
Number of fifo nodes 0
Number of socket nodes 0
Number of directories 107
Number of ids (unique uids + gids) 1
Number of uids 1
	root (0)
Number of gids 1
	root (0)
Image Name:   MIPS OpenWrt Linux-4.14.195
Created:      Sun Sep  6 16:19:39 2020
Image Type:   MIPS Linux Kernel Image (lzma compressed)
Data Size:    3818381 Bytes = 3728.89 KiB = 3.64 MiB
Load Address: 80060000
Entry Point:  80060000
Pseudo file "/dev" exists in source filesystem "/home/runner/work/openwrt-rebuilder/openwrt-rebuilder/rebuild/build_dir/target-mips_24kc_musl/linux-ath79_generic/target-dir-34bf5c68/dev".
Ignoring, exclude it (-e/-ef) to override.
Parallel mksquashfs: Using 1 processor
Creating 4.0 filesystem on /home/runner/work/openwrt-rebuilder/openwrt-rebuilder/rebuild/build_dir/target-mips_24kc_musl/linux-ath79_generic/root.squashfs+pkg=34bf5c68, block size 262144.
[===============================================================|] 826/826 100%

Exportable Squashfs 4.0 filesystem, xz compressed, data block size 262144
	compressed data, compressed metadata, compressed fragments,
	no xattrs, compressed ids
	duplicates are removed
Filesystem size 2362.91 Kbytes (2.31 Mbytes)
	34.47% of uncompressed filesystem size (6854.67 Kbytes)
Inode table size 7486 bytes (7.31 Kbytes)
	20.22% of uncompressed inode table size (37031 bytes)
Directory table size 10730 bytes (10.48 Kbytes)
	46.40% of uncompressed directory table size (23124 bytes)
Number of duplicate files found 113
Number of inodes 1122
Number of files 825
Number of fragments 18
Number of symbolic links  189
Number of device nodes 1
Number of fifo nodes 0
Number of socket nodes 0
Number of directories 107
Number of ids (unique uids + gids) 1
Number of uids 1
	root (0)
Number of gids 1
	root (0)
Pseudo file "/dev" exists in source filesystem "/home/runner/work/openwrt-rebuilder/openwrt-rebuilder/rebuild/build_dir/target-mips_24kc_musl/linux-ath79_generic/target-dir-34394f15/dev".
Ignoring, exclude it (-e/-ef) to override.
Parallel mksquashfs: Using 1 processor
Creating 4.0 filesystem on /home/runner/work/openwrt-rebuilder/openwrt-rebuilder/rebuild/build_dir/target-mips_24kc_musl/linux-ath79_generic/root.squashfs+pkg=34394f15, block size 262144.
[===============================================================/] 826/826 100%

Exportable Squashfs 4.0 filesystem, xz compressed, data block size 262144
	compressed data, compressed metadata, compressed fragments,
	no xattrs, compressed ids
	duplicates are removed
Filesystem size 2366.05 Kbytes (2.31 Mbytes)
	34.50% of uncompressed filesystem size (6857.31 Kbytes)
Inode table size 7474 bytes (7.30 Kbytes)
	20.23% of uncompressed inode table size (36947 bytes)
Directory table size 10698 bytes (10.45 Kbytes)
	46.43% of uncompressed directory table size (23039 bytes)
Number of duplicate files found 113
Number of inodes 1120
Number of files 825
Number of fragments 18
Number of symbolic links  187
Number of device nodes 1
Number of fifo nodes 0
Number of socket nodes 0
Number of directories 107
Number of ids (unique uids + gids) 1
Number of uids 1
	root (0)
Number of gids 1
	root (0)
Pseudo file "/dev" exists in source filesystem "/home/runner/work/openwrt-rebuilder/openwrt-rebuilder/rebuild/build_dir/target-mips_24kc_musl/linux-ath79_generic/target-dir-4b1fb842/dev".
Ignoring, exclude it (-e/-ef) to override.
Parallel mksquashfs: Using 1 processor
Creating 4.0 filesystem on /home/runner/work/openwrt-rebuilder/openwrt-rebuilder/rebuild/build_dir/target-mips_24kc_musl/linux-ath79_generic/root.squashfs+pkg=4b1fb842, block size 262144.
[===============================================================|] 851/851 100%

Exportable Squashfs 4.0 filesystem, xz compressed, data block size 262144
	compressed data, compressed metadata, compressed fragments,
	no xattrs, compressed ids
	duplicates are removed
Filesystem size 2445.59 Kbytes (2.39 Mbytes)
	34.45% of uncompressed filesystem size (7099.01 Kbytes)
Inode table size 7634 bytes (7.46 Kbytes)
	20.11% of uncompressed inode table size (37968 bytes)
Directory table size 11010 bytes (10.75 Kbytes)
	46.19% of uncompressed directory table size (23835 bytes)
Number of duplicate files found 118
Number of inodes 1149
Number of files 850
Number of fragments 19
Number of symbolic links  191
Number of device nodes 1
Number of fifo nodes 0
Number of socket nodes 0
Number of directories 107
Number of ids (unique uids + gids) 1
Number of uids 1
	root (0)
Number of gids 1
	root (0)
Image Name:   MIPS OpenWrt Linux-4.14.195
Created:      Sun Sep  6 16:19:39 2020
Image Type:   MIPS Linux Kernel Image (lzma compressed)
Data Size:    1597086 Bytes = 1559.65 KiB = 1.52 MiB
Load Address: 80060000
Entry Point:  80060000
Image Name:   MIPS OpenWrt Linux-4.14.195
Created:      Sun Sep  6 16:19:39 2020
Image Type:   MIPS Linux Kernel Image (lzma compressed)
Data Size:    1597093 Bytes = 1559.66 KiB = 1.52 MiB
Load Address: 80060000
Entry Point:  80060000
Pseudo file "/dev" exists in source filesystem "/home/runner/work/openwrt-rebuilder/openwrt-rebuilder/rebuild/build_dir/target-mips_24kc_musl/linux-ath79_generic/target-dir-68b329da/dev".
Ignoring, exclude it (-e/-ef) to override.
Image Name:   MIPS OpenWrt Linux-4.14.195
Created:      Sun Sep  6 16:19:39 2020
Image Type:   MIPS Linux Kernel Image (lzma compressed)
Data Size:    3818518 Bytes = 3729.02 KiB = 3.64 MiB
Load Address: 80060000
Entry Point:  80060000
Parallel mksquashfs: Using 1 processor
Creating 4.0 filesystem on /home/runner/work/openwrt-rebuilder/openwrt-rebuilder/rebuild/build_dir/target-mips_24kc_musl/linux-ath79_generic/root.squashfs+pkg=68b329da, block size 262144.
[===============================================================/] 822/822 100%

Exportable Squashfs 4.0 filesystem, xz compressed, data block size 262144
	compressed data, compressed metadata, compressed fragments,
	no xattrs, compressed ids
	duplicates are removed
Filesystem size 2364.56 Kbytes (2.31 Mbytes)
	34.53% of uncompressed filesystem size (6848.59 Kbytes)
Inode table size 7462 bytes (7.29 Kbytes)
	20.27% of uncompressed inode table size (36819 bytes)
Directory table size 10662 bytes (10.41 Kbytes)
	46.41% of uncompressed directory table size (22972 bytes)
Number of duplicate files found 112
Number of inodes 1116
Number of files 821
Number of fragments 18
Number of symbolic links  187
Number of device nodes 1
Number of fifo nodes 0
Number of socket nodes 0
Number of directories 107
Number of ids (unique uids + gids) 1
Number of uids 1
	root (0)
Number of gids 1
	root (0)
Image Name:   MIPS OpenWrt Linux-4.14.195
Created:      Sun Sep  6 16:19:39 2020
Image Type:   MIPS Linux Kernel Image (lzma compressed)
Data Size:    3818529 Bytes = 3729.03 KiB = 3.64 MiB
Load Address: 80060000
Entry Point:  80060000
Pseudo file "/dev" exists in source filesystem "/home/runner/work/openwrt-rebuilder/openwrt-rebuilder/rebuild/build_dir/target-mips_24kc_musl/linux-ath79_generic/target-dir-8276ade4/dev".
Ignoring, exclude it (-e/-ef) to override.
Image Name:   MIPS OpenWrt Linux-4.14.195
Created:      Sun Sep  6 16:19:39 2020
Image Type:   MIPS Linux Kernel Image (lzma compressed)
Data Size:    1597180 Bytes = 1559.75 KiB = 1.52 MiB
Load Address: 80060000
Entry Point:  80060000
Parallel mksquashfs: Using 1 processor
Creating 4.0 filesystem on /home/runner/work/openwrt-rebuilder/openwrt-rebuilder/rebuild/build_dir/target-mips_24kc_musl/linux-ath79_generic/root.squashfs+pkg=8276ade4, block size 262144.
[===============================================================|] 866/866 100%

Exportable Squashfs 4.0 filesystem, xz compressed, data block size 262144
	compressed data, compressed metadata, compressed fragments,
	no xattrs, compressed ids
	duplicates are removed
Filesystem size 2461.00 Kbytes (2.40 Mbytes)
	34.42% of uncompressed filesystem size (7149.69 Kbytes)
Inode table size 7702 bytes (7.52 Kbytes)
	19.98% of uncompressed inode table size (38540 bytes)
Directory table size 11118 bytes (10.86 Kbytes)
	45.84% of uncompressed directory table size (24255 bytes)
Number of duplicate files found 121
Number of inodes 1166
Number of files 865
Number of fragments 19
Number of symbolic links  193
Number of device nodes 1
Number of fifo nodes 0
Number of socket nodes 0
Number of directories 107
Number of ids (unique uids + gids) 1
Number of uids 1
	root (0)
Number of gids 1
	root (0)
Image Name:   MIPS OpenWrt Linux-4.14.195
Created:      Sun Sep  6 16:19:39 2020
Image Type:   MIPS Linux Kernel Image (lzma compressed)
Data Size:    3818574 Bytes = 3729.08 KiB = 3.64 MiB
Load Address: 80060000
Entry Point:  80060000
Image Name:   MIPS OpenWrt Linux-4.14.195
Created:      Sun Sep  6 16:19:39 2020
Image Type:   MIPS Linux Kernel Image (lzma compressed)
Data Size:    1597287 Bytes = 1559.85 KiB = 1.52 MiB
Load Address: 80060000
Entry Point:  80060000
Image Name:   MIPS OpenWrt Linux-4.14.195
Created:      Sun Sep  6 16:19:39 2020
Image Type:   MIPS Linux Kernel Image (lzma compressed)
Data Size:    1597274 Bytes = 1559.84 KiB = 1.52 MiB
Load Address: 80060000
Entry Point:  80060000
Image Name:   MIPS OpenWrt Linux-4.14.195
Created:      Sun Sep  6 16:19:39 2020
Image Type:   MIPS Linux Kernel Image (lzma compressed)
Data Size:    3818690 Bytes = 3729.19 KiB = 3.64 MiB
Load Address: 80060000
Entry Point:  80060000
Image Name:   MIPS OpenWrt Linux-4.14.195
Created:      Sun Sep  6 16:19:39 2020
Image Type:   MIPS Linux Kernel Image (lzma compressed)
Data Size:    3818685 Bytes = 3729.18 KiB = 3.64 MiB
Load Address: 80060000
Entry Point:  80060000
Pseudo file "/dev" exists in source filesystem "/home/runner/work/openwrt-rebuilder/openwrt-rebuilder/rebuild/build_dir/target-mips_24kc_musl/linux-ath79_generic/target-dir-c21f9019/dev".
Ignoring, exclude it (-e/-ef) to override.
Image Name:   MIPS OpenWrt Linux-4.14.195
Created:      Sun Sep  6 16:19:39 2020
Image Type:   MIPS Linux Kernel Image (lzma compressed)
Data Size:    1597221 Bytes = 1559.79 KiB = 1.52 MiB
Load Address: 80060000
Entry Point:  80060000
Parallel mksquashfs: Using 1 processor
Creating 4.0 filesystem on /home/runner/work/openwrt-rebuilder/openwrt-rebuilder/rebuild/build_dir/target-mips_24kc_musl/linux-ath79_generic/root.squashfs+pkg=c21f9019, block size 262144.
[===============================================================-] 819/819 100%

Exportable Squashfs 4.0 filesystem, xz compressed, data block size 262144
	compressed data, compressed metadata, compressed fragments,
	no xattrs, compressed ids
	duplicates are removed
Filesystem size 2348.93 Kbytes (2.29 Mbytes)
	34.42% of uncompressed filesystem size (6823.70 Kbytes)
Inode table size 7426 bytes (7.25 Kbytes)
	20.17% of uncompressed inode table size (36821 bytes)
Directory table size 10662 bytes (10.41 Kbytes)
	46.43% of uncompressed directory table size (22965 bytes)
Number of duplicate files found 112
Number of inodes 1115
Number of files 818
Number of fragments 18
Number of symbolic links  189
Number of device nodes 1
Number of fifo nodes 0
Number of socket nodes 0
Number of directories 107
Number of ids (unique uids + gids) 1
Number of uids 1
	root (0)
Number of gids 1
	root (0)
Image Name:   MIPS OpenWrt Linux-4.14.195
Created:      Sun Sep  6 16:19:39 2020
Image Type:   MIPS Linux Kernel Image (lzma compressed)
Data Size:    3818649 Bytes = 3729.15 KiB = 3.64 MiB
Load Address: 80060000
Entry Point:  80060000
Pseudo file "/dev" exists in source filesystem "/home/runner/work/openwrt-rebuilder/openwrt-rebuilder/rebuild/build_dir/target-mips_24kc_musl/linux-ath79_generic/target-dir-76468f02/dev".
Ignoring, exclude it (-e/-ef) to override.
Image Name:   MIPS OpenWrt Linux-4.14.195
Created:      Sun Sep  6 16:19:39 2020
Image Type:   MIPS Linux Kernel Image (lzma compressed)
Data Size:    1597152 Bytes = 1559.72 KiB = 1.52 MiB
Load Address: 80060000
Entry Point:  80060000
Parallel mksquashfs: Using 1 processor
Creating 4.0 filesystem on /home/runner/work/openwrt-rebuilder/openwrt-rebuilder/rebuild/build_dir/target-mips_24kc_musl/linux-ath79_generic/root.squashfs+pkg=76468f02, block size 262144.
[=====================================================/          ] 700/824  84%[===============================================================-] 824/824 100%

Exportable Squashfs 4.0 filesystem, xz compressed, data block size 262144
	compressed data, compressed metadata, compressed fragments,
	no xattrs, compressed ids
	duplicates are removed
Filesystem size 2357.20 Kbytes (2.30 Mbytes)
	34.48% of uncompressed filesystem size (6837.14 Kbytes)
Inode table size 7446 bytes (7.27 Kbytes)
	20.13% of uncompressed inode table size (36981 bytes)
Directory table size 10694 bytes (10.44 Kbytes)
	46.39% of uncompressed directory table size (23053 bytes)
Number of duplicate files found 113
Number of inodes 1120
Number of files 823
Number of fragments 18
Number of symbolic links  189
Number of device nodes 1
Number of fifo nodes 0
Number of socket nodes 0
Number of directories 107
Number of ids (unique uids + gids) 1
Number of uids 1
	root (0)
Number of gids 1
	root (0)
Image Name:   MIPS OpenWrt Linux-4.14.195
Created:      Sun Sep  6 16:19:39 2020
Image Type:   MIPS Linux Kernel Image (lzma compressed)
Data Size:    3818574 Bytes = 3729.08 KiB = 3.64 MiB
Load Address: 80060000
Entry Point:  80060000
Pseudo file "/dev" exists in source filesystem "/home/runner/work/openwrt-rebuilder/openwrt-rebuilder/rebuild/build_dir/target-mips_24kc_musl/linux-ath79_generic/target-dir-f642dd70/dev".
Ignoring, exclude it (-e/-ef) to override.
Image Name:   MIPS OpenWrt Linux-4.14.195
Created:      Sun Sep  6 16:19:39 2020
Image Type:   MIPS Linux Kernel Image (lzma compressed)
Data Size:    1597084 Bytes = 1559.65 KiB = 1.52 MiB
Load Address: 80060000
Entry Point:  80060000
Parallel mksquashfs: Using 1 processor
Creating 4.0 filesystem on /home/runner/work/openwrt-rebuilder/openwrt-rebuilder/rebuild/build_dir/target-mips_24kc_musl/linux-ath79_generic/root.squashfs+pkg=f642dd70, block size 262144.
[=====================\                                          ] 300/863  34%[===============================================================/] 863/863 100%

Exportable Squashfs 4.0 filesystem, xz compressed, data block size 262144
	compressed data, compressed metadata, compressed fragments,
	no xattrs, compressed ids
	duplicates are removed
Filesystem size 2450.78 Kbytes (2.39 Mbytes)
	34.33% of uncompressed filesystem size (7138.60 Kbytes)
Inode table size 7750 bytes (7.57 Kbytes)
	20.14% of uncompressed inode table size (38486 bytes)
Directory table size 11102 bytes (10.84 Kbytes)
	46.04% of uncompressed directory table size (24114 bytes)
Number of duplicate files found 121
Number of inodes 1164
Number of files 862
Number of fragments 19
Number of symbolic links  194
Number of device nodes 1
Number of fifo nodes 0
Number of socket nodes 0
Number of directories 107
Number of ids (unique uids + gids) 1
Number of uids 1
	root (0)
Number of gids 1
	root (0)
Image Name:   MIPS OpenWrt Linux-4.14.195
Created:      Sun Sep  6 16:19:39 2020
Image Type:   MIPS Linux Kernel Image (lzma compressed)
Data Size:    3818510 Bytes = 3729.01 KiB = 3.64 MiB
Load Address: 80060000
Entry Point:  80060000
Pseudo file "/dev" exists in source filesystem "/home/runner/work/openwrt-rebuilder/openwrt-rebuilder/rebuild/build_dir/target-mips_24kc_musl/linux-ath79_generic/target-dir-0f3ad530/dev".
Ignoring, exclude it (-e/-ef) to override.
Image Name:   MIPS OpenWrt Linux-4.14.195
Created:      Sun Sep  6 16:19:39 2020
Image Type:   MIPS Linux Kernel Image (lzma compressed)
Data Size:    1597123 Bytes = 1559.69 KiB = 1.52 MiB
Load Address: 80060000
Entry Point:  80060000
Parallel mksquashfs: Using 1 processor
Creating 4.0 filesystem on /home/runner/work/openwrt-rebuilder/openwrt-rebuilder/rebuild/build_dir/target-mips_24kc_musl/linux-ath79_generic/root.squashfs+pkg=0f3ad530, block size 262144.
[===============================================================-] 838/838 100%

Exportable Squashfs 4.0 filesystem, xz compressed, data block size 262144
	compressed data, compressed metadata, compressed fragments,
	no xattrs, compressed ids
	duplicates are removed
Filesystem size 2689.50 Kbytes (2.63 Mbytes)
	35.30% of uncompressed filesystem size (7618.73 Kbytes)
Inode table size 7642 bytes (7.46 Kbytes)
	20.42% of uncompressed inode table size (37428 bytes)
Directory table size 10890 bytes (10.63 Kbytes)
	46.37% of uncompressed directory table size (23483 bytes)
Number of duplicate files found 115
Number of inodes 1134
Number of files 836
Number of fragments 19
Number of symbolic links  187
Number of device nodes 1
Number of fifo nodes 0
Number of socket nodes 0
Number of directories 110
Number of ids (unique uids + gids) 1
Number of uids 1
	root (0)
Number of gids 1
	root (0)
Image Name:   MIPS OpenWrt Linux-4.14.195
Created:      Sun Sep  6 16:19:39 2020
Image Type:   MIPS Linux Kernel Image (lzma compressed)
Data Size:    3818575 Bytes = 3729.08 KiB = 3.64 MiB
Load Address: 80060000
Entry Point:  80060000
Image Name:   MIPS OpenWrt Linux-4.14.195
Created:      Sun Sep  6 16:19:39 2020
Image Type:   MIPS Linux Kernel Image (lzma compressed)
Data Size:    1597129 Bytes = 1559.70 KiB = 1.52 MiB
Load Address: 80060000
Entry Point:  80060000
Image Name:   MIPS OpenWrt Linux-4.14.195
Created:      Sun Sep  6 16:19:39 2020
Image Type:   MIPS Linux Kernel Image (lzma compressed)
Data Size:    1597129 Bytes = 1559.70 KiB = 1.52 MiB
Load Address: 80060000
Entry Point:  80060000
Image Name:   MIPS OpenWrt Linux-4.14.195
Created:      Sun Sep  6 16:19:39 2020
Image Type:   MIPS Linux Kernel Image (lzma compressed)
Data Size:    3818580 Bytes = 3729.08 KiB = 3.64 MiB
Load Address: 80060000
Entry Point:  80060000
Image Name:   MIPS OpenWrt Linux-4.14.195
Created:      Sun Sep  6 16:19:39 2020
Image Type:   MIPS Linux Kernel Image (lzma compressed)
Data Size:    3818581 Bytes = 3729.08 KiB = 3.64 MiB
Load Address: 80060000
Entry Point:  80060000
